******************************************************************************
                  TI ARM Linker PC v18.1.5                     
******************************************************************************
>> Linked Thu Aug  1 15:41:57 2019

OUTPUT FILE NAME:   <sensor_CC1310_LAUNCHXL_tirtos_ccs.out>
ENTRY POINT SYMBOL: "ResetISR"  address: 00014229


MEMORY CONFIGURATION

         name            origin    length      used     unused   attr    fill
----------------------  --------  ---------  --------  --------  ----  --------
  FLASH                 00000000   0001e000  00017d3a  000062c6  R  X
  FLASH_NV              0001e000   00001000  00001000  00000000  RW X
  FLASH_LAST            0001f000   00001000  00001000  00000000  R  X
  SRAM                  20000000   00005000  000032c6  00001d3a  RW X


SEGMENT ALLOCATION MAP

run origin  load origin   length   init length attrs members
----------  ----------- ---------- ----------- ----- -------
00000000    00000000    00017d40   00017d40    r-x
  00000000    00000000    0000003c   0000003c    r-- .resetVecs
  0000003c    0000003c    00000bfc   00000bfc    r-- .const
  00000c38    00000c38    000003c8   000003c8    r-x .text.1
  00001000    00001000    0000003c   0000003c    r-- .const:ti_sysbios_knl_Task_Object__PARAMS__C
  0000103c    0000103c    00000034   00000034    r-- .const:ti_sysbios_knl_Mailbox_Object__PARAMS__C
  00001070    00001070    00000030   00000030    r-- .const:ti_sysbios_family_arm_m3_Hwi_Object__PARAMS__C
  000010a0    000010a0    0000002c   0000002c    r-- .const:ti_sysbios_hal_Hwi_Object__PARAMS__C
  000010cc    000010cc    00000028   00000028    r-- .const:ti_sysbios_heaps_HeapMem_Module__FXNS__C
  000010f4    000010f4    00000028   00000028    r-- .const:ti_sysbios_knl_Swi_Object__PARAMS__C
  0000111c    0000111c    00000024   00000024    r-- .const:ti_sysbios_gates_GateHwi_Module__FXNS__C
  00001140    00001140    00000024   00000024    r-- .const:ti_sysbios_gates_GateMutex_Module__FXNS__C
  00001164    00001164    00000024   00000024    r-- .const:ti_sysbios_heaps_HeapMem_Object__PARAMS__C
  00001188    00001188    00000024   00000024    r-- .const:ti_sysbios_knl_Clock_Object__PARAMS__C
  000011ac    000011ac    00000024   00000024    r-- .const:ti_sysbios_knl_Semaphore_Object__PARAMS__C
  000011d0    000011d0    00000020   00000020    r-- .const:ti_sysbios_family_arm_m3_Hwi_Object__DESC__C
  000011f0    000011f0    00000020   00000020    r-- .const:ti_sysbios_gates_GateHwi_Object__DESC__C
  00001210    00001210    00000020   00000020    r-- .const:ti_sysbios_gates_GateMutex_Object__DESC__C
  00001230    00001230    00000020   00000020    r-- .const:ti_sysbios_hal_Hwi_Object__DESC__C
  00001250    00001250    00000020   00000020    r-- .const:ti_sysbios_heaps_HeapMem_Object__DESC__C
  00001270    00001270    00000020   00000020    r-- .const:ti_sysbios_knl_Clock_Object__DESC__C
  00001290    00001290    00000020   00000020    r-- .const:ti_sysbios_knl_Mailbox_Object__DESC__C
  000012b0    000012b0    00000020   00000020    r-- .const:ti_sysbios_knl_Queue_Object__DESC__C
  000012d0    000012d0    00000020   00000020    r-- .const:ti_sysbios_knl_Semaphore_Object__DESC__C
  000012f0    000012f0    00000020   00000020    r-- .const:ti_sysbios_knl_Swi_Object__DESC__C
  00001310    00001310    00000020   00000020    r-- .const:ti_sysbios_knl_Task_Object__DESC__C
  00001330    00001330    00000018   00000018    r-- .const:ti_sysbios_gates_GateHwi_Object__PARAMS__C
  00001348    00001348    00000018   00000018    r-- .const:ti_sysbios_gates_GateMutex_Object__PARAMS__C
  00001360    00001360    00000018   00000018    r-- .const:ti_sysbios_knl_Queue_Object__PARAMS__C
  00001378    00001378    00000008   00000008    r-- .const:ti_sysbios_knl_Idle_funcList__C
  00001380    00001380    00000004   00000004    r-x .text.2
  00001384    00001384    00000004   00000004    r-- .const:ti_sysbios_family_arm_cc26xx_Timer_startupNeeded__C
  00001388    00001388    00000004   00000004    r-- .const:ti_sysbios_family_arm_m3_Hwi_E_alreadyDefined__C
  0000138c    0000138c    00000004   00000004    r-- .const:ti_sysbios_family_arm_m3_Hwi_E_hwiLimitExceeded__C
  00001390    00001390    00000004   00000004    r-- .const:ti_sysbios_family_arm_m3_Hwi_NUM_INTERRUPTS__C
  00001394    00001394    00000004   00000004    r-- .const:ti_sysbios_family_arm_m3_Hwi_Object__count__C
  00001398    00001398    00000004   00000004    r-- .const:ti_sysbios_family_arm_m3_Hwi_Object__table__C
  0000139c    0000139c    00000004   00000004    r-- .const:ti_sysbios_family_arm_m3_Hwi_ccr__C
  000013a0    000013a0    00000004   00000004    r-- .const:ti_sysbios_family_arm_m3_Hwi_excHandlerFunc__C
  000013a4    000013a4    00000004   00000004    r-- .const:ti_sysbios_family_arm_m3_Hwi_nullIsrFunc__C
  000013a8    000013a8    00000004   00000004    r-- .const:ti_sysbios_family_arm_m3_Hwi_numSparseInterrupts__C
  000013ac    000013ac    00000004   00000004    r-- .const:ti_sysbios_family_arm_m3_Hwi_priGroup__C
  000013b0    000013b0    00000004   00000004    r-- .const:ti_sysbios_family_arm_m3_TaskSupport_stackAlignment__C
  000013b4    000013b4    00000004   00000004    r-- .const:ti_sysbios_heaps_HeapMem_E_memory__C
  000013b8    000013b8    00000004   00000004    r-- .const:ti_sysbios_heaps_HeapMem_Module__gateObj__C
  000013bc    000013bc    00000004   00000004    r-- .const:ti_sysbios_heaps_HeapMem_Object__count__C
  000013c0    000013c0    00000004   00000004    r-- .const:ti_sysbios_heaps_HeapMem_Object__table__C
  000013c4    000013c4    00000004   00000004    r-- .const:ti_sysbios_heaps_HeapMem_reqAlign__C
  000013c8    000013c8    00000004   00000004    r-- .const:ti_sysbios_knl_Clock_serviceMargin__C
  000013cc    000013cc    00000004   00000004    r-- .const:ti_sysbios_knl_Mailbox_Object__count__C
  000013d0    000013d0    00000004   00000004    r-- .const:ti_sysbios_knl_Mailbox_Object__table__C
  000013d4    000013d4    00000004   00000004    r-- .const:ti_sysbios_knl_Mailbox_maxTypeAlign__C
  000013d8    000013d8    00000004   00000004    r-- .const:ti_sysbios_knl_Queue_Object__count__C
  000013dc    000013dc    00000004   00000004    r-- .const:ti_sysbios_knl_Queue_Object__table__C
  000013e0    000013e0    00000004   00000004    r-- .const:ti_sysbios_knl_Swi_Object__count__C
  000013e4    000013e4    00000004   00000004    r-- .const:ti_sysbios_knl_Swi_Object__table__C
  000013e8    000013e8    00000004   00000004    r-- .const:ti_sysbios_knl_Swi_numPriorities__C
  000013ec    000013ec    00000004   00000004    r-- .const:ti_sysbios_knl_Task_Object__count__C
  000013f0    000013f0    00000004   00000004    r-- .const:ti_sysbios_knl_Task_Object__table__C
  000013f4    000013f4    00000004   00000004    r-- .const:ti_sysbios_knl_Task_allBlockedFunc__C
  000013f8    000013f8    00000004   00000004    r-- .const:ti_sysbios_knl_Task_defaultStackHeap__C
  000013fc    000013fc    00000004   00000004    r-- .const:ti_sysbios_knl_Task_defaultStackSize__C
  00001400    00001400    00000004   00000004    r-- .const:ti_sysbios_knl_Task_numConstructedTasks__C
  00001404    00001404    00000002   00000002    r-x .text.3
  00001406    00001406    00000002   00000002    r-- .const:ti_sysbios_family_arm_cc26xx_Timer_Module__id__C
  00001408    00001408    00000002   00000002    r-- .const:ti_sysbios_family_arm_cc26xx_TimestampProvider_useClockTimer__C
  0000140a    0000140a    00000002   00000002    r-- .const:ti_sysbios_family_arm_m3_Hwi_Module__id__C
  0000140c    0000140c    00000002   00000002    r-- .const:ti_sysbios_gates_GateHwi_Module__id__C
  0000140e    0000140e    00000002   00000002    r-- .const:ti_sysbios_gates_GateMutex_Module__id__C
  00001410    00001410    00000002   00000002    r-- .const:ti_sysbios_heaps_HeapMem_Module__id__C
  00001412    00001412    00000002   00000002    r-- .const:ti_sysbios_knl_Task_initStackFlag__C
  00001414    00001414    00000001   00000001    r-- .const:ti_sysbios_knl_Clock_tickMode__C
  00001418    00001418    00000008   00000008    r-- .const:xdc_runtime_Startup_firstFxns__C
  00001420    00001420    00000008   00000008    r-- .const:xdc_runtime_Startup_lastFxns__C
  00001428    00001428    00000004   00000004    r-- .const:xdc_runtime_Assert_E_assertFailed__C
  0000142c    0000142c    00000004   00000004    r-- .const:xdc_runtime_Error_E_memory__C
  00001430    00001430    00000004   00000004    r-- .const:xdc_runtime_Error_policyFxn__C
  00001434    00001434    00000004   00000004    r-- .const:xdc_runtime_IGateProvider_Interface__BASE__C
  00001438    00001438    00000004   00000004    r-- .const:xdc_runtime_IHeap_Interface__BASE__C
  0000143c    0000143c    00000004   00000004    r-- .const:xdc_runtime_IModule_Interface__BASE__C
  00001440    00001440    00000004   00000004    r-- .const:xdc_runtime_Main_Module__diagsEnabled__C
  00001444    00001444    00000004   00000004    r-- .const:xdc_runtime_Main_Module__diagsIncluded__C
  00001448    00001448    00000004   00000004    r-- .const:xdc_runtime_Main_Module__diagsMask__C
  0000144c    0000144c    00000004   00000004    r-- .const:xdc_runtime_Memory_defaultHeapInstance__C
  00001450    00001450    00000004   00000004    r-- .const:xdc_runtime_Startup_execImpl__C
  00001454    00001454    00000004   00000004    r-- .const:xdc_runtime_Startup_maxPasses__C
  00001458    00001458    00000004   00000004    r-- .const:xdc_runtime_Startup_sfxnRts__C
  0000145c    0000145c    00000004   00000004    r-- .const:xdc_runtime_Startup_sfxnTab__C
  00001460    00001460    00000004   00000004    r-- .const:xdc_runtime_Startup_startModsFxn__C
  00001464    00001464    00000004   00000004    r-- .const:xdc_runtime_SysCallback_abortFxn__C
  00001468    00001468    00000004   00000004    r-- .const:xdc_runtime_SysCallback_exitFxn__C
  0000146c    0000146c    00000004   00000004    r-- .const:xdc_runtime_System_abortFxn__C
  00001470    00001470    00000004   00000004    r-- .const:xdc_runtime_System_exitFxn__C
  00001474    00001474    00000004   00000004    r-- .const:xdc_runtime_System_maxAtexitHandlers__C
  00001478    00001478    00000004   00000004    r-- .const:xdc_runtime_Text_charTab__C
  0000147c    0000147c    00000004   00000004    r-- .const:xdc_runtime_Text_nameEmpty__C
  00001480    00001480    00000004   00000004    r-- .const:xdc_runtime_Text_nameStatic__C
  00001484    00001484    00000004   00000004    r-- .const:xdc_runtime_Text_nameUnknown__C
  00001488    00001488    00000002   00000002    r-- .const:xdc_runtime_Main_Module__id__C
  0000148a    0000148a    00000002   00000002    r-- .const:xdc_runtime_Memory_Module__id__C
  0000148c    0000148c    00000002   00000002    r-- .const:xdc_runtime_Text_charCnt__C
  0000148e    0000148e    00000002   00000002    r-- .const:xdc_runtime_Text_isLoaded__C
  00001490    00001490    00000001   00000001    r-- .const:xdc_runtime_Error_policy__C
  00001494    00001494    00000004   00000004    r-- .const:ti_sysbios_rom_ROM_AONRTCChannelEnable
  00001498    00001498    00000004   00000004    r-- .const:ti_sysbios_rom_ROM_AONRTCCompareValueSet
  0000149c    0000149c    00000004   00000004    r-- .const:ti_sysbios_rom_ROM_AONRTCCurrentCompareValueGet
  000014a0    000014a0    00000004   00000004    r-- .const:ti_sysbios_rom_ROM_AONRTCEventClear
  000014a4    000014a4    00000004   00000004    r-- .const:ti_sysbios_rom_ROM_ti_sysbios_family_arm_cc26xx_Timer_getCount64__E
  000014a8    000014a8    00000004   00000004    r-- .const:ti_sysbios_rom_ROM_ti_sysbios_family_arm_cc26xx_Timer_getCurrentTick__E
  000014ac    000014ac    00000004   00000004    r-- .const:ti_sysbios_rom_ROM_ti_sysbios_family_arm_cc26xx_Timer_getMaxTicks__E
  000014b0    000014b0    00000004   00000004    r-- .const:ti_sysbios_rom_ROM_ti_sysbios_family_arm_cc26xx_Timer_initDevice__I
  000014b4    000014b4    00000004   00000004    r-- .const:ti_sysbios_rom_ROM_ti_sysbios_family_arm_cc26xx_Timer_setNextTick__E
  000014b8    000014b8    00000004   00000004    r-- .const:ti_sysbios_rom_ROM_ti_sysbios_family_arm_cc26xx_Timer_setThreshold__I
  000014bc    000014bc    00000004   00000004    r-- .const:ti_sysbios_rom_ROM_ti_sysbios_family_arm_cc26xx_Timer_start__E
  000014c0    000014c0    00000004   00000004    r-- .const:ti_sysbios_rom_ROM_ti_sysbios_family_arm_cc26xx_TimestampProvider_get32__E
  000014c4    000014c4    00000004   00000004    r-- .const:ti_sysbios_rom_ROM_xdc_runtime_Startup_getState__I
  000014c8    000014c8    00000004   00000004    r-- .const:ti_sysbios_rom_ROM_xdc_runtime_System_SupportProxy_abort__E
  000014cc    000014cc    00000004   00000004    r-- .const:ti_sysbios_rom_ROM_xdc_runtime_System_SupportProxy_exit__E
  000014d0    000014d0    00000004   00000004    r-- .const:ti_sysbios_gates_GateMutex_Instance_State_sem__O
  000014d4    000014d4    00000004   00000004    r-- .const:ti_sysbios_knl_Clock_Module_State_clockQ__O
  000014d8    000014d8    00000004   00000004    r-- .const:ti_sysbios_knl_Mailbox_Instance_State_dataQue__O
  000014dc    000014dc    00000004   00000004    r-- .const:ti_sysbios_knl_Mailbox_Instance_State_dataSem__O
  000014e0    000014e0    00000004   00000004    r-- .const:ti_sysbios_knl_Mailbox_Instance_State_freeQue__O
  000014e4    000014e4    00000004   00000004    r-- .const:ti_sysbios_knl_Mailbox_Instance_State_freeSem__O
  000014e8    000014e8    00000004   00000004    r-- .const:ti_sysbios_knl_Semaphore_Instance_State_pendQ__O
  000014ec    000014ec    00000004   00000004    r-- .const:ti_sysbios_knl_Task_Module_State_inactiveQ__O
  000014f0    000014f0    00000bfc   00000bfc    r-- config_const
  000020ec    000020ec    000157ac   000157ac    r-x .text.4
  00017898    00017898    000004a8   000004a8    r-- .cinit
0001e000    0001e000    00002000   00002000    r-x
  0001e000    0001e000    00001000   00001000    r-- .TI.bound:NV_FLASH
  0001f000    0001f000    00000fa8   00000fa8    r-x .text.5
  0001ffa8    0001ffa8    00000058   00000058    r-- .ccfg
20000100    20000100    00002d02   00000000    rw-
  20000100    20000100    00000044   00000000    rw- .data:ti_sysbios_knl_Task_Module__state__V
  20000144    20000144    00000034   00000000    rw- .data:ti_sysbios_family_arm_m3_Hwi_Module__state__V
  20000178    20000178    0000002c   00000000    rw- .data:ti_sysbios_knl_Clock_Module__state__V
  200001a4    200001a4    00000024   00000000    rw- .data:ti_sysbios_BIOS_Module__state__V
  200001c8    200001c8    0000001c   00000000    rw- .data:ti_sysbios_knl_Swi_Module__state__V
  200001e4    200001e4    00000008   00000000    rw- .data:ti_sysbios_family_arm_cc26xx_Timer_Module__state__V
  200001ec    200001ec    00000004   00000000    rw- .data:ti_sysbios_family_arm_cc26xx_TimestampProvider_Module__state__V
  200001f0    200001f0    00000008   00000000    rw- .data:xdc_runtime_Startup_Module__state__V
  200001f8    200001f8    00000008   00000000    rw- .data:xdc_runtime_System_Module__state__V
  20000200    20000200    00000004   00000000    rw- .data:xdc_runtime_Memory_Module__state__V
  20000208    20000208    0000227f   00000000    rw- .data
  20002488    20002488    0000097a   00000000    rw- .bss
20004b00    20004b00    00000500   00000000    rw-
  20004b00    20004b00    00000500   00000000    rw- .stack


SECTION ALLOCATION MAP

 output                                  attributes/
section   page    origin      length       input sections
--------  ----  ----------  ----------   ----------------
.const     0    0000003c    00000bfc     
                  0000003c    000003e0     mac_cfg.obj (.const:$O6$$)
                  0000041c    00000234     maclib_secure_cc13x0.a : hmac_global.obj (.const:$O23$$)
                  00000650    000000fa                            : fh_global.obj (.const:FH_stateMatrix)
                  0000074a    00000002     jdllc.obj (.const:keyUsageList$20)
                  0000074c    00000088     jdllc.obj (.const:$O13$$)
                  000007d4    0000006e     maclib_secure_cc13x0.a : hmac_global.obj (.const:macIdleSt)
                  00000842    0000006e                            : hmac_global.obj (.const:macScanningSt)
                  000008b0    0000004c     drivers_cc13x0.aem3 : PowerCC26XX.oem3 (.const:resourceDB)
                  000008fc    00000048     app_pem3.oem3 (.const:.string)
                  00000944    00000044     drivers_cc13x0.aem3 : UARTCC26XX.oem3 (.const:$O1$$)
                  00000988    00000030                         : Random.oem3 (.const:$O1$$)
                  000009b8    00000028                         : UARTCC26XX.oem3 (.const:UARTCC26XX_fxnTable)
                  000009e0    00000028     app_pem3.oem3 (.const:ti_sysbios_heaps_HeapCallback_Module__FXNS__C)
                  00000a08    00000028     CC1310_LAUNCHXL.obj (.const:uartCC26XXHWAttrs)
                  00000a30    00000028     app_pem3.oem3 (.const:xdc_runtime_Startup_sfxnTab__A)
                  00000a58    00000024     drivers_cc13x0.aem3 : UART.oem3 (.const:UART_defaultParams)
                  00000a7c    00000020     jdllc.obj (.const:keyDeviceList$20)
                  00000a9c    00000020     app_pem3.oem3 (.const:ti_sysbios_heaps_HeapCallback_Object__DESC__C)
                  00000abc    0000001c     CC1310_LAUNCHXL.obj (.const:BoardGpioInitTable)
                  00000ad8    0000001c     rf_multiMode_cc13x0.aem3 : RFCC26XX_multiMode.oem3 (.const:RF_defaultParams)
                  00000af4    0000001c     app_pem3.oem3 (.const:ti_sysbios_heaps_HeapCallback_Object__PARAMS__C)
                  00000b10    00000018     CC1310_LAUNCHXL.obj (.const:PowerCC26XX_config)
                  00000b28    00000018     driverlib.lib : rfc.obj (.const:rfc_defaultIrqAddr$80)
                  00000b40    00000014     app_pem3.oem3 (.const:xdc_runtime_Startup_sfxnRts__A)
                  00000b54    00000013     macTask.obj (.const:.string:msacbackSizeTable)
                  00000b67    00000012     CC1310_LAUNCHXL.obj (.const)
                  00000b79    00000001     app_pem3.oem3 (.const:xdc_runtime_Text_charTab__A)
                  00000b7a    00000002     app_pem3.oem3 (.const:xdc_runtime_Text_registryModsLastId__C)
                  00000b7c    00000010     drivers_cc13x0.aem3 : TRNG.oem3 (.const:TRNG_defaultParams)
                  00000b8c    00000010     CC1310_LAUNCHXL.obj (.const:cryptoCC26XXHWAttrs)
                  00000b9c    0000000c     CC1310_LAUNCHXL.obj (.const:RFCC26XX_hwAttrs)
                  00000ba8    0000000c     CC1310_LAUNCHXL.obj (.const:UART_config)
                  00000bb4    0000000c     app_pem3.oem3 (.const:xdc_runtime_Startup_firstFxns__A)
                  00000bc0    00000008     maclib_secure_cc13x0.a : mac_rx.obj (.const:$O29$$)
                  00000bc8    00000008     main.obj (.const:.string:dummyExtAddr$24)
                  00000bd0    00000008     maclib_secure_cc13x0.a : fh_global.obj (.const:.string:fhSupFrameTypes)
                  00000bd8    00000008     CC1310_LAUNCHXL.obj (.const:CryptoCC26XX_config)
                  00000be0    00000008     CC1310_LAUNCHXL.obj (.const:PINCC26XX_hwAttrs)
                  00000be8    00000008     app_pem3.oem3 (.const:ti_sysbios_knl_Idle_funcList__A)
                  00000bf0    00000006     ssf.obj (.const:nvResetId$26)
                  00000bf6    00000002     app_pem3.oem3 (.const:xdc_runtime_Text_unnamedModsLastId__C)
                  00000bf8    00000004     app_pem3.oem3 (.const:ti_sysbios_family_arm_cc26xx_Timer_funcHookCH1__C)
                  00000bfc    00000004     app_pem3.oem3 (.const:ti_sysbios_family_arm_cc26xx_Timer_funcHookCH2__C)
                  00000c00    00000004     app_pem3.oem3 (.const:ti_sysbios_heaps_HeapCallback_Object__count__C)
                  00000c04    00000004     app_pem3.oem3 (.const:ti_sysbios_heaps_HeapCallback_allocInstFxn__C)
                  00000c08    00000004     app_pem3.oem3 (.const:ti_sysbios_heaps_HeapCallback_createInstFxn__C)
                  00000c0c    00000004     app_pem3.oem3 (.const:ti_sysbios_heaps_HeapCallback_deleteInstFxn__C)
                  00000c10    00000004     app_pem3.oem3 (.const:ti_sysbios_heaps_HeapCallback_freeInstFxn__C)
                  00000c14    00000004     app_pem3.oem3 (.const:ti_sysbios_heaps_HeapCallback_getStatsInstFxn__C)
                  00000c18    00000004     app_pem3.oem3 (.const:ti_sysbios_heaps_HeapCallback_initInstFxn__C)
                  00000c1c    00000004     app_pem3.oem3 (.const:ti_sysbios_heaps_HeapCallback_isBlockingInstFxn__C)
                  00000c20    00000004     app_pem3.oem3 (.const:ti_sysbios_knl_Clock_tickPeriod__C)
                  00000c24    00000004     app_pem3.oem3 (.const:ti_sysbios_knl_Clock_triggerClock__C)
                  00000c28    00000004     app_pem3.oem3 (.const:xdc_runtime_SysCallback_putchFxn__C)
                  00000c2c    00000004     app_pem3.oem3 (.const:xdc_runtime_SysCallback_readyFxn__C)
                  00000c30    00000004     app_pem3.oem3 (.const:xdc_runtime_System_extendFxn__C)
                  00000c34    00000004     app_pem3.oem3 (.const:xdc_runtime_Text_visitRopeFxn__C)

config_const 
*          0    000014f0    00000bfc     
                  000014f0    00000ab4     mac_user_config.obj (.const:$O15$$)
                  00001fa4    0000006c     mac_user_config.obj (.const:macRfDriverTable)
                  00002010    00000055     mac_user_config.obj (.const:txPowerTable_subg_CC1310)
                  00002065    00000050     mac_user_config.obj (.const:txPowerTable_subg_CC1350)
                  000020b5    00000001     mac_user_config.obj (.const)
                  000020b6    00000002     --HOLE-- [fill = 0]
                  000020b8    00000028     mac_user_config.obj (.const:macCryptoDriverTable)
                  000020e0    0000000c     mac_user_config.obj (.const:macTxPwrTbl)

.cinit     0    00017898    000004a8     
                  00017898    0000036e     (.cinit..data.load) [load image, compression = lzss]
                  00017c06    00000028     (.cinit..data:ti_sysbios_family_arm_m3_Hwi_Module__state__V.load) [load image, compression = lzss]
                  00017c2e    00000021     (.cinit..data:ti_sysbios_knl_Task_Module__state__V.load) [load image, compression = lzss]
                  00017c4f    0000001f     (.cinit..data:ti_sysbios_BIOS_Module__state__V.load) [load image, compression = lzss]
                  00017c6e    0000001e     (.cinit..data:ti_sysbios_knl_Clock_Module__state__V.load) [load image, compression = lzss]
                  00017c8c    00000010     (.cinit..data:ti_sysbios_knl_Swi_Module__state__V.load) [load image, compression = lzss]
                  00017c9c    0000000c     (__TI_handler_table)
                  00017ca8    0000000b     (.cinit..data:ti_sysbios_family_arm_cc26xx_Timer_Module__state__V.load) [load image, compression = lzss]
                  00017cb3    00000005     --HOLE-- [fill = 0]
                  00017cb8    00000008     (.cinit..bss.load) [load image, compression = zero_init]
                  00017cc0    00000008     (.cinit..data:xdc_runtime_Memory_Module__state__V.load) [load image, compression = lzss]
                  00017cc8    00000007     (.cinit..data:ti_sysbios_family_arm_cc26xx_TimestampProvider_Module__state__V.load) [load image, compression = lzss]
                  00017ccf    00000007     (.cinit..data:xdc_runtime_Startup_Module__state__V.load) [load image, compression = lzss]
                  00017cd6    00000007     (.cinit..data:xdc_runtime_System_Module__state__V.load) [load image, compression = lzss]
                  00017cdd    00000003     --HOLE-- [fill = 0]
                  00017ce0    00000060     (__TI_cinit_table)

.init_array 
*          0    00000000    00000000     UNINITIALIZED

.const:ti_sysbios_knl_Task_Object__PARAMS__C 
*          0    00001000    0000003c     
                  00001000    0000003c     app_pem3.oem3 (.const:ti_sysbios_knl_Task_Object__PARAMS__C)

.const:ti_sysbios_knl_Mailbox_Object__PARAMS__C 
*          0    0000103c    00000034     
                  0000103c    00000034     app_pem3.oem3 (.const:ti_sysbios_knl_Mailbox_Object__PARAMS__C)

.const:ti_sysbios_family_arm_m3_Hwi_Object__PARAMS__C 
*          0    00001070    00000030     
                  00001070    00000030     app_pem3.oem3 (.const:ti_sysbios_family_arm_m3_Hwi_Object__PARAMS__C)

.const:ti_sysbios_hal_Hwi_Object__PARAMS__C 
*          0    000010a0    0000002c     
                  000010a0    0000002c     app_pem3.oem3 (.const:ti_sysbios_hal_Hwi_Object__PARAMS__C)

.const:ti_sysbios_heaps_HeapMem_Module__FXNS__C 
*          0    000010cc    00000028     
                  000010cc    00000028     app_pem3.oem3 (.const:ti_sysbios_heaps_HeapMem_Module__FXNS__C)

.const:ti_sysbios_knl_Swi_Object__PARAMS__C 
*          0    000010f4    00000028     
                  000010f4    00000028     app_pem3.oem3 (.const:ti_sysbios_knl_Swi_Object__PARAMS__C)

.const:ti_sysbios_gates_GateHwi_Module__FXNS__C 
*          0    0000111c    00000024     
                  0000111c    00000024     app_pem3.oem3 (.const:ti_sysbios_gates_GateHwi_Module__FXNS__C)

.const:ti_sysbios_gates_GateMutex_Module__FXNS__C 
*          0    00001140    00000024     
                  00001140    00000024     app_pem3.oem3 (.const:ti_sysbios_gates_GateMutex_Module__FXNS__C)

.const:ti_sysbios_heaps_HeapMem_Object__PARAMS__C 
*          0    00001164    00000024     
                  00001164    00000024     app_pem3.oem3 (.const:ti_sysbios_heaps_HeapMem_Object__PARAMS__C)

.const:ti_sysbios_knl_Clock_Object__PARAMS__C 
*          0    00001188    00000024     
                  00001188    00000024     app_pem3.oem3 (.const:ti_sysbios_knl_Clock_Object__PARAMS__C)

.const:ti_sysbios_knl_Semaphore_Object__PARAMS__C 
*          0    000011ac    00000024     
                  000011ac    00000024     app_pem3.oem3 (.const:ti_sysbios_knl_Semaphore_Object__PARAMS__C)

.const:ti_sysbios_family_arm_m3_Hwi_Object__DESC__C 
*          0    000011d0    00000020     
                  000011d0    00000020     app_pem3.oem3 (.const:ti_sysbios_family_arm_m3_Hwi_Object__DESC__C)

.const:ti_sysbios_gates_GateHwi_Object__DESC__C 
*          0    000011f0    00000020     
                  000011f0    00000020     app_pem3.oem3 (.const:ti_sysbios_gates_GateHwi_Object__DESC__C)

.const:ti_sysbios_gates_GateMutex_Object__DESC__C 
*          0    00001210    00000020     
                  00001210    00000020     app_pem3.oem3 (.const:ti_sysbios_gates_GateMutex_Object__DESC__C)

.const:ti_sysbios_hal_Hwi_Object__DESC__C 
*          0    00001230    00000020     
                  00001230    00000020     app_pem3.oem3 (.const:ti_sysbios_hal_Hwi_Object__DESC__C)

.const:ti_sysbios_heaps_HeapMem_Object__DESC__C 
*          0    00001250    00000020     
                  00001250    00000020     app_pem3.oem3 (.const:ti_sysbios_heaps_HeapMem_Object__DESC__C)

.const:ti_sysbios_knl_Clock_Object__DESC__C 
*          0    00001270    00000020     
                  00001270    00000020     app_pem3.oem3 (.const:ti_sysbios_knl_Clock_Object__DESC__C)

.const:ti_sysbios_knl_Mailbox_Object__DESC__C 
*          0    00001290    00000020     
                  00001290    00000020     app_pem3.oem3 (.const:ti_sysbios_knl_Mailbox_Object__DESC__C)

.const:ti_sysbios_knl_Queue_Object__DESC__C 
*          0    000012b0    00000020     
                  000012b0    00000020     app_pem3.oem3 (.const:ti_sysbios_knl_Queue_Object__DESC__C)

.const:ti_sysbios_knl_Semaphore_Object__DESC__C 
*          0    000012d0    00000020     
                  000012d0    00000020     app_pem3.oem3 (.const:ti_sysbios_knl_Semaphore_Object__DESC__C)

.const:ti_sysbios_knl_Swi_Object__DESC__C 
*          0    000012f0    00000020     
                  000012f0    00000020     app_pem3.oem3 (.const:ti_sysbios_knl_Swi_Object__DESC__C)

.const:ti_sysbios_knl_Task_Object__DESC__C 
*          0    00001310    00000020     
                  00001310    00000020     app_pem3.oem3 (.const:ti_sysbios_knl_Task_Object__DESC__C)

.const:ti_sysbios_gates_GateHwi_Object__PARAMS__C 
*          0    00001330    00000018     
                  00001330    00000018     app_pem3.oem3 (.const:ti_sysbios_gates_GateHwi_Object__PARAMS__C)

.const:ti_sysbios_gates_GateMutex_Object__PARAMS__C 
*          0    00001348    00000018     
                  00001348    00000018     app_pem3.oem3 (.const:ti_sysbios_gates_GateMutex_Object__PARAMS__C)

.const:ti_sysbios_knl_Queue_Object__PARAMS__C 
*          0    00001360    00000018     
                  00001360    00000018     app_pem3.oem3 (.const:ti_sysbios_knl_Queue_Object__PARAMS__C)

.const:ti_sysbios_knl_Idle_funcList__C 
*          0    00001378    00000008     
                  00001378    00000008     app_pem3.oem3 (.const:ti_sysbios_knl_Idle_funcList__C)

.const:ti_sysbios_family_arm_cc26xx_Timer_startupNeeded__C 
*          0    00001384    00000004     
                  00001384    00000004     app_pem3.oem3 (.const:ti_sysbios_family_arm_cc26xx_Timer_startupNeeded__C)

.const:ti_sysbios_family_arm_m3_Hwi_E_alreadyDefined__C 
*          0    00001388    00000004     
                  00001388    00000004     app_pem3.oem3 (.const:ti_sysbios_family_arm_m3_Hwi_E_alreadyDefined__C)

.const:ti_sysbios_family_arm_m3_Hwi_E_hwiLimitExceeded__C 
*          0    0000138c    00000004     
                  0000138c    00000004     app_pem3.oem3 (.const:ti_sysbios_family_arm_m3_Hwi_E_hwiLimitExceeded__C)

.const:ti_sysbios_family_arm_m3_Hwi_NUM_INTERRUPTS__C 
*          0    00001390    00000004     
                  00001390    00000004     app_pem3.oem3 (.const:ti_sysbios_family_arm_m3_Hwi_NUM_INTERRUPTS__C)

.const:ti_sysbios_family_arm_m3_Hwi_Object__count__C 
*          0    00001394    00000004     
                  00001394    00000004     app_pem3.oem3 (.const:ti_sysbios_family_arm_m3_Hwi_Object__count__C)

.const:ti_sysbios_family_arm_m3_Hwi_Object__table__C 
*          0    00001398    00000004     
                  00001398    00000004     app_pem3.oem3 (.const:ti_sysbios_family_arm_m3_Hwi_Object__table__C)

.const:ti_sysbios_family_arm_m3_Hwi_ccr__C 
*          0    0000139c    00000004     
                  0000139c    00000004     app_pem3.oem3 (.const:ti_sysbios_family_arm_m3_Hwi_ccr__C)

.const:ti_sysbios_family_arm_m3_Hwi_excHandlerFunc__C 
*          0    000013a0    00000004     
                  000013a0    00000004     app_pem3.oem3 (.const:ti_sysbios_family_arm_m3_Hwi_excHandlerFunc__C)

.const:ti_sysbios_family_arm_m3_Hwi_nullIsrFunc__C 
*          0    000013a4    00000004     
                  000013a4    00000004     app_pem3.oem3 (.const:ti_sysbios_family_arm_m3_Hwi_nullIsrFunc__C)

.const:ti_sysbios_family_arm_m3_Hwi_numSparseInterrupts__C 
*          0    000013a8    00000004     
                  000013a8    00000004     app_pem3.oem3 (.const:ti_sysbios_family_arm_m3_Hwi_numSparseInterrupts__C)

.const:ti_sysbios_family_arm_m3_Hwi_priGroup__C 
*          0    000013ac    00000004     
                  000013ac    00000004     app_pem3.oem3 (.const:ti_sysbios_family_arm_m3_Hwi_priGroup__C)

.const:ti_sysbios_family_arm_m3_TaskSupport_stackAlignment__C 
*          0    000013b0    00000004     
                  000013b0    00000004     app_pem3.oem3 (.const:ti_sysbios_family_arm_m3_TaskSupport_stackAlignment__C)

.const:ti_sysbios_heaps_HeapMem_E_memory__C 
*          0    000013b4    00000004     
                  000013b4    00000004     app_pem3.oem3 (.const:ti_sysbios_heaps_HeapMem_E_memory__C)

.const:ti_sysbios_heaps_HeapMem_Module__gateObj__C 
*          0    000013b8    00000004     
                  000013b8    00000004     app_pem3.oem3 (.const:ti_sysbios_heaps_HeapMem_Module__gateObj__C)

.const:ti_sysbios_heaps_HeapMem_Object__count__C 
*          0    000013bc    00000004     
                  000013bc    00000004     app_pem3.oem3 (.const:ti_sysbios_heaps_HeapMem_Object__count__C)

.const:ti_sysbios_heaps_HeapMem_Object__table__C 
*          0    000013c0    00000004     
                  000013c0    00000004     app_pem3.oem3 (.const:ti_sysbios_heaps_HeapMem_Object__table__C)

.const:ti_sysbios_heaps_HeapMem_reqAlign__C 
*          0    000013c4    00000004     
                  000013c4    00000004     app_pem3.oem3 (.const:ti_sysbios_heaps_HeapMem_reqAlign__C)

.const:ti_sysbios_knl_Clock_serviceMargin__C 
*          0    000013c8    00000004     
                  000013c8    00000004     app_pem3.oem3 (.const:ti_sysbios_knl_Clock_serviceMargin__C)

.const:ti_sysbios_knl_Mailbox_Object__count__C 
*          0    000013cc    00000004     
                  000013cc    00000004     app_pem3.oem3 (.const:ti_sysbios_knl_Mailbox_Object__count__C)

.const:ti_sysbios_knl_Mailbox_Object__table__C 
*          0    000013d0    00000004     
                  000013d0    00000004     app_pem3.oem3 (.const:ti_sysbios_knl_Mailbox_Object__table__C)

.const:ti_sysbios_knl_Mailbox_maxTypeAlign__C 
*          0    000013d4    00000004     
                  000013d4    00000004     app_pem3.oem3 (.const:ti_sysbios_knl_Mailbox_maxTypeAlign__C)

.const:ti_sysbios_knl_Queue_Object__count__C 
*          0    000013d8    00000004     
                  000013d8    00000004     app_pem3.oem3 (.const:ti_sysbios_knl_Queue_Object__count__C)

.const:ti_sysbios_knl_Queue_Object__table__C 
*          0    000013dc    00000004     
                  000013dc    00000004     app_pem3.oem3 (.const:ti_sysbios_knl_Queue_Object__table__C)

.const:ti_sysbios_knl_Swi_Object__count__C 
*          0    000013e0    00000004     
                  000013e0    00000004     app_pem3.oem3 (.const:ti_sysbios_knl_Swi_Object__count__C)

.const:ti_sysbios_knl_Swi_Object__table__C 
*          0    000013e4    00000004     
                  000013e4    00000004     app_pem3.oem3 (.const:ti_sysbios_knl_Swi_Object__table__C)

.const:ti_sysbios_knl_Swi_numPriorities__C 
*          0    000013e8    00000004     
                  000013e8    00000004     app_pem3.oem3 (.const:ti_sysbios_knl_Swi_numPriorities__C)

.const:ti_sysbios_knl_Task_Object__count__C 
*          0    000013ec    00000004     
                  000013ec    00000004     app_pem3.oem3 (.const:ti_sysbios_knl_Task_Object__count__C)

.const:ti_sysbios_knl_Task_Object__table__C 
*          0    000013f0    00000004     
                  000013f0    00000004     app_pem3.oem3 (.const:ti_sysbios_knl_Task_Object__table__C)

.const:ti_sysbios_knl_Task_allBlockedFunc__C 
*          0    000013f4    00000004     
                  000013f4    00000004     app_pem3.oem3 (.const:ti_sysbios_knl_Task_allBlockedFunc__C)

.const:ti_sysbios_knl_Task_defaultStackHeap__C 
*          0    000013f8    00000004     
                  000013f8    00000004     app_pem3.oem3 (.const:ti_sysbios_knl_Task_defaultStackHeap__C)

.const:ti_sysbios_knl_Task_defaultStackSize__C 
*          0    000013fc    00000004     
                  000013fc    00000004     app_pem3.oem3 (.const:ti_sysbios_knl_Task_defaultStackSize__C)

.const:ti_sysbios_knl_Task_numConstructedTasks__C 
*          0    00001400    00000004     
                  00001400    00000004     app_pem3.oem3 (.const:ti_sysbios_knl_Task_numConstructedTasks__C)

.const:ti_sysbios_family_arm_cc26xx_Timer_Module__id__C 
*          0    00001406    00000002     
                  00001406    00000002     app_pem3.oem3 (.const:ti_sysbios_family_arm_cc26xx_Timer_Module__id__C)

.const:ti_sysbios_family_arm_cc26xx_TimestampProvider_useClockTimer__C 
*          0    00001408    00000002     
                  00001408    00000002     app_pem3.oem3 (.const:ti_sysbios_family_arm_cc26xx_TimestampProvider_useClockTimer__C)

.const:ti_sysbios_family_arm_m3_Hwi_Module__id__C 
*          0    0000140a    00000002     
                  0000140a    00000002     app_pem3.oem3 (.const:ti_sysbios_family_arm_m3_Hwi_Module__id__C)

.const:ti_sysbios_gates_GateHwi_Module__id__C 
*          0    0000140c    00000002     
                  0000140c    00000002     app_pem3.oem3 (.const:ti_sysbios_gates_GateHwi_Module__id__C)

.const:ti_sysbios_gates_GateMutex_Module__id__C 
*          0    0000140e    00000002     
                  0000140e    00000002     app_pem3.oem3 (.const:ti_sysbios_gates_GateMutex_Module__id__C)

.const:ti_sysbios_heaps_HeapMem_Module__id__C 
*          0    00001410    00000002     
                  00001410    00000002     app_pem3.oem3 (.const:ti_sysbios_heaps_HeapMem_Module__id__C)

.const:ti_sysbios_knl_Task_initStackFlag__C 
*          0    00001412    00000002     
                  00001412    00000002     app_pem3.oem3 (.const:ti_sysbios_knl_Task_initStackFlag__C)

.const:ti_sysbios_knl_Clock_tickMode__C 
*          0    00001414    00000001     
                  00001414    00000001     app_pem3.oem3 (.const:ti_sysbios_knl_Clock_tickMode__C)

.const:xdc_runtime_Startup_firstFxns__C 
*          0    00001418    00000008     
                  00001418    00000008     app_pem3.oem3 (.const:xdc_runtime_Startup_firstFxns__C)

.const:xdc_runtime_Startup_lastFxns__C 
*          0    00001420    00000008     
                  00001420    00000008     app_pem3.oem3 (.const:xdc_runtime_Startup_lastFxns__C)

.const:xdc_runtime_Assert_E_assertFailed__C 
*          0    00001428    00000004     
                  00001428    00000004     app_pem3.oem3 (.const:xdc_runtime_Assert_E_assertFailed__C)

.const:xdc_runtime_Error_E_memory__C 
*          0    0000142c    00000004     
                  0000142c    00000004     app_pem3.oem3 (.const:xdc_runtime_Error_E_memory__C)

.const:xdc_runtime_Error_policyFxn__C 
*          0    00001430    00000004     
                  00001430    00000004     app_pem3.oem3 (.const:xdc_runtime_Error_policyFxn__C)

.const:xdc_runtime_IGateProvider_Interface__BASE__C 
*          0    00001434    00000004     
                  00001434    00000004     app_pem3.oem3 (.const:xdc_runtime_IGateProvider_Interface__BASE__C)

.const:xdc_runtime_IHeap_Interface__BASE__C 
*          0    00001438    00000004     
                  00001438    00000004     app_pem3.oem3 (.const:xdc_runtime_IHeap_Interface__BASE__C)

.const:xdc_runtime_IModule_Interface__BASE__C 
*          0    0000143c    00000004     
                  0000143c    00000004     app_pem3.oem3 (.const:xdc_runtime_IModule_Interface__BASE__C)

.const:xdc_runtime_Main_Module__diagsEnabled__C 
*          0    00001440    00000004     
                  00001440    00000004     app_pem3.oem3 (.const:xdc_runtime_Main_Module__diagsEnabled__C)

.const:xdc_runtime_Main_Module__diagsIncluded__C 
*          0    00001444    00000004     
                  00001444    00000004     app_pem3.oem3 (.const:xdc_runtime_Main_Module__diagsIncluded__C)

.const:xdc_runtime_Main_Module__diagsMask__C 
*          0    00001448    00000004     
                  00001448    00000004     app_pem3.oem3 (.const:xdc_runtime_Main_Module__diagsMask__C)

.const:xdc_runtime_Memory_defaultHeapInstance__C 
*          0    0000144c    00000004     
                  0000144c    00000004     app_pem3.oem3 (.const:xdc_runtime_Memory_defaultHeapInstance__C)

.const:xdc_runtime_Startup_execImpl__C 
*          0    00001450    00000004     
                  00001450    00000004     app_pem3.oem3 (.const:xdc_runtime_Startup_execImpl__C)

.const:xdc_runtime_Startup_maxPasses__C 
*          0    00001454    00000004     
                  00001454    00000004     app_pem3.oem3 (.const:xdc_runtime_Startup_maxPasses__C)

.const:xdc_runtime_Startup_sfxnRts__C 
*          0    00001458    00000004     
                  00001458    00000004     app_pem3.oem3 (.const:xdc_runtime_Startup_sfxnRts__C)

.const:xdc_runtime_Startup_sfxnTab__C 
*          0    0000145c    00000004     
                  0000145c    00000004     app_pem3.oem3 (.const:xdc_runtime_Startup_sfxnTab__C)

.const:xdc_runtime_Startup_startModsFxn__C 
*          0    00001460    00000004     
                  00001460    00000004     app_pem3.oem3 (.const:xdc_runtime_Startup_startModsFxn__C)

.const:xdc_runtime_SysCallback_abortFxn__C 
*          0    00001464    00000004     
                  00001464    00000004     app_pem3.oem3 (.const:xdc_runtime_SysCallback_abortFxn__C)

.const:xdc_runtime_SysCallback_exitFxn__C 
*          0    00001468    00000004     
                  00001468    00000004     app_pem3.oem3 (.const:xdc_runtime_SysCallback_exitFxn__C)

.const:xdc_runtime_System_abortFxn__C 
*          0    0000146c    00000004     
                  0000146c    00000004     app_pem3.oem3 (.const:xdc_runtime_System_abortFxn__C)

.const:xdc_runtime_System_exitFxn__C 
*          0    00001470    00000004     
                  00001470    00000004     app_pem3.oem3 (.const:xdc_runtime_System_exitFxn__C)

.const:xdc_runtime_System_maxAtexitHandlers__C 
*          0    00001474    00000004     
                  00001474    00000004     app_pem3.oem3 (.const:xdc_runtime_System_maxAtexitHandlers__C)

.const:xdc_runtime_Text_charTab__C 
*          0    00001478    00000004     
                  00001478    00000004     app_pem3.oem3 (.const:xdc_runtime_Text_charTab__C)

.const:xdc_runtime_Text_nameEmpty__C 
*          0    0000147c    00000004     
                  0000147c    00000004     app_pem3.oem3 (.const:xdc_runtime_Text_nameEmpty__C)

.const:xdc_runtime_Text_nameStatic__C 
*          0    00001480    00000004     
                  00001480    00000004     app_pem3.oem3 (.const:xdc_runtime_Text_nameStatic__C)

.const:xdc_runtime_Text_nameUnknown__C 
*          0    00001484    00000004     
                  00001484    00000004     app_pem3.oem3 (.const:xdc_runtime_Text_nameUnknown__C)

.const:xdc_runtime_Main_Module__id__C 
*          0    00001488    00000002     
                  00001488    00000002     app_pem3.oem3 (.const:xdc_runtime_Main_Module__id__C)

.const:xdc_runtime_Memory_Module__id__C 
*          0    0000148a    00000002     
                  0000148a    00000002     app_pem3.oem3 (.const:xdc_runtime_Memory_Module__id__C)

.const:xdc_runtime_Text_charCnt__C 
*          0    0000148c    00000002     
                  0000148c    00000002     app_pem3.oem3 (.const:xdc_runtime_Text_charCnt__C)

.const:xdc_runtime_Text_isLoaded__C 
*          0    0000148e    00000002     
                  0000148e    00000002     app_pem3.oem3 (.const:xdc_runtime_Text_isLoaded__C)

.const:xdc_runtime_Error_policy__C 
*          0    00001490    00000001     
                  00001490    00000001     app_pem3.oem3 (.const:xdc_runtime_Error_policy__C)

.const:ti_sysbios_rom_ROM_AONRTCChannelEnable 
*          0    00001494    00000004     
                  00001494    00000004     app_pem3.oem3 (.const:ti_sysbios_rom_ROM_AONRTCChannelEnable)

.const:ti_sysbios_rom_ROM_AONRTCCompareValueSet 
*          0    00001498    00000004     
                  00001498    00000004     app_pem3.oem3 (.const:ti_sysbios_rom_ROM_AONRTCCompareValueSet)

.const:ti_sysbios_rom_ROM_AONRTCCurrentCompareValueGet 
*          0    0000149c    00000004     
                  0000149c    00000004     app_pem3.oem3 (.const:ti_sysbios_rom_ROM_AONRTCCurrentCompareValueGet)

.const:ti_sysbios_rom_ROM_AONRTCEventClear 
*          0    000014a0    00000004     
                  000014a0    00000004     app_pem3.oem3 (.const:ti_sysbios_rom_ROM_AONRTCEventClear)

.const:ti_sysbios_rom_ROM_ti_sysbios_family_arm_cc26xx_Timer_getCount64__E 
*          0    000014a4    00000004     
                  000014a4    00000004     app_pem3.oem3 (.const:ti_sysbios_rom_ROM_ti_sysbios_family_arm_cc26xx_Timer_getCount64__E)

.const:ti_sysbios_rom_ROM_ti_sysbios_family_arm_cc26xx_Timer_getCurrentTick__E 
*          0    000014a8    00000004     
                  000014a8    00000004     app_pem3.oem3 (.const:ti_sysbios_rom_ROM_ti_sysbios_family_arm_cc26xx_Timer_getCurrentTick__E)

.const:ti_sysbios_rom_ROM_ti_sysbios_family_arm_cc26xx_Timer_getMaxTicks__E 
*          0    000014ac    00000004     
                  000014ac    00000004     app_pem3.oem3 (.const:ti_sysbios_rom_ROM_ti_sysbios_family_arm_cc26xx_Timer_getMaxTicks__E)

.const:ti_sysbios_rom_ROM_ti_sysbios_family_arm_cc26xx_Timer_initDevice__I 
*          0    000014b0    00000004     
                  000014b0    00000004     app_pem3.oem3 (.const:ti_sysbios_rom_ROM_ti_sysbios_family_arm_cc26xx_Timer_initDevice__I)

.const:ti_sysbios_rom_ROM_ti_sysbios_family_arm_cc26xx_Timer_setNextTick__E 
*          0    000014b4    00000004     
                  000014b4    00000004     app_pem3.oem3 (.const:ti_sysbios_rom_ROM_ti_sysbios_family_arm_cc26xx_Timer_setNextTick__E)

.const:ti_sysbios_rom_ROM_ti_sysbios_family_arm_cc26xx_Timer_setThreshold__I 
*          0    000014b8    00000004     
                  000014b8    00000004     app_pem3.oem3 (.const:ti_sysbios_rom_ROM_ti_sysbios_family_arm_cc26xx_Timer_setThreshold__I)

.const:ti_sysbios_rom_ROM_ti_sysbios_family_arm_cc26xx_Timer_start__E 
*          0    000014bc    00000004     
                  000014bc    00000004     app_pem3.oem3 (.const:ti_sysbios_rom_ROM_ti_sysbios_family_arm_cc26xx_Timer_start__E)

.const:ti_sysbios_rom_ROM_ti_sysbios_family_arm_cc26xx_TimestampProvider_get32__E 
*          0    000014c0    00000004     
                  000014c0    00000004     app_pem3.oem3 (.const:ti_sysbios_rom_ROM_ti_sysbios_family_arm_cc26xx_TimestampProvider_get32__E)

.const:ti_sysbios_rom_ROM_xdc_runtime_Startup_getState__I 
*          0    000014c4    00000004     
                  000014c4    00000004     app_pem3.oem3 (.const:ti_sysbios_rom_ROM_xdc_runtime_Startup_getState__I)

.const:ti_sysbios_rom_ROM_xdc_runtime_System_SupportProxy_abort__E 
*          0    000014c8    00000004     
                  000014c8    00000004     app_pem3.oem3 (.const:ti_sysbios_rom_ROM_xdc_runtime_System_SupportProxy_abort__E)

.const:ti_sysbios_rom_ROM_xdc_runtime_System_SupportProxy_exit__E 
*          0    000014cc    00000004     
                  000014cc    00000004     app_pem3.oem3 (.const:ti_sysbios_rom_ROM_xdc_runtime_System_SupportProxy_exit__E)

.const:ti_sysbios_gates_GateMutex_Instance_State_sem__O 
*          0    000014d0    00000004     
                  000014d0    00000004     app_pem3.oem3 (.const:ti_sysbios_gates_GateMutex_Instance_State_sem__O)

.const:ti_sysbios_knl_Clock_Module_State_clockQ__O 
*          0    000014d4    00000004     
                  000014d4    00000004     app_pem3.oem3 (.const:ti_sysbios_knl_Clock_Module_State_clockQ__O)

.const:ti_sysbios_knl_Mailbox_Instance_State_dataQue__O 
*          0    000014d8    00000004     
                  000014d8    00000004     app_pem3.oem3 (.const:ti_sysbios_knl_Mailbox_Instance_State_dataQue__O)

.const:ti_sysbios_knl_Mailbox_Instance_State_dataSem__O 
*          0    000014dc    00000004     
                  000014dc    00000004     app_pem3.oem3 (.const:ti_sysbios_knl_Mailbox_Instance_State_dataSem__O)

.const:ti_sysbios_knl_Mailbox_Instance_State_freeQue__O 
*          0    000014e0    00000004     
                  000014e0    00000004     app_pem3.oem3 (.const:ti_sysbios_knl_Mailbox_Instance_State_freeQue__O)

.const:ti_sysbios_knl_Mailbox_Instance_State_freeSem__O 
*          0    000014e4    00000004     
                  000014e4    00000004     app_pem3.oem3 (.const:ti_sysbios_knl_Mailbox_Instance_State_freeSem__O)

.const:ti_sysbios_knl_Semaphore_Instance_State_pendQ__O 
*          0    000014e8    00000004     
                  000014e8    00000004     app_pem3.oem3 (.const:ti_sysbios_knl_Semaphore_Instance_State_pendQ__O)

.const:ti_sysbios_knl_Task_Module_State_inactiveQ__O 
*          0    000014ec    00000004     
                  000014ec    00000004     app_pem3.oem3 (.const:ti_sysbios_knl_Task_Module_State_inactiveQ__O)

.ccfg      0    0001ffa8    00000058     
                  0001ffa8    00000058     ccfg.obj (.ccfg:retain)

.data:ti_sysbios_knl_Task_Module__state__V 
*          0    20000100    00000044     UNINITIALIZED
                  20000100    00000044     app_pem3.oem3 (.data:ti_sysbios_knl_Task_Module__state__V)

.data:ti_sysbios_family_arm_m3_Hwi_Module__state__V 
*          0    20000144    00000034     UNINITIALIZED
                  20000144    00000034     app_pem3.oem3 (.data:ti_sysbios_family_arm_m3_Hwi_Module__state__V)

.data:ti_sysbios_knl_Clock_Module__state__V 
*          0    20000178    0000002c     UNINITIALIZED
                  20000178    0000002c     app_pem3.oem3 (.data:ti_sysbios_knl_Clock_Module__state__V)

.data:ti_sysbios_BIOS_Module__state__V 
*          0    200001a4    00000024     UNINITIALIZED
                  200001a4    00000024     app_pem3.oem3 (.data:ti_sysbios_BIOS_Module__state__V)

.data:ti_sysbios_knl_Swi_Module__state__V 
*          0    200001c8    0000001c     UNINITIALIZED
                  200001c8    0000001c     app_pem3.oem3 (.data:ti_sysbios_knl_Swi_Module__state__V)

.data:ti_sysbios_family_arm_cc26xx_Timer_Module__state__V 
*          0    200001e4    00000008     UNINITIALIZED
                  200001e4    00000008     app_pem3.oem3 (.data:ti_sysbios_family_arm_cc26xx_Timer_Module__state__V)

.data:ti_sysbios_family_arm_cc26xx_TimestampProvider_Module__state__V 
*          0    200001ec    00000004     UNINITIALIZED
                  200001ec    00000004     app_pem3.oem3 (.data:ti_sysbios_family_arm_cc26xx_TimestampProvider_Module__state__V)

.data:xdc_runtime_Startup_Module__state__V 
*          0    200001f0    00000008     UNINITIALIZED
                  200001f0    00000008     app_pem3.oem3 (.data:xdc_runtime_Startup_Module__state__V)

.data:xdc_runtime_System_Module__state__V 
*          0    200001f8    00000008     UNINITIALIZED
                  200001f8    00000008     app_pem3.oem3 (.data:xdc_runtime_System_Module__state__V)

.data:xdc_runtime_Memory_Module__state__V 
*          0    20000200    00000004     UNINITIALIZED
                  20000200    00000004     app_pem3.oem3 (.data:xdc_runtime_Memory_Module__state__V)

.data      0    20000208    0000227f     UNINITIALIZED
                  20000208    00000570     maclib_secure_cc13x0.a : hmac_global.obj (.data:$O22$$)
                  20000778    000004c4     macTask.obj (.data:$O14$$)
                  20000c3c    00000488     main.obj (.data:$O16$$)
                  200010c4    00000408     uart_printf.obj (.data:$O19$$)
                  200014cc    00000288     maclib_secure_cc13x0.a : fh_global.obj (.data:$O32$$)
                  20001754    00000188     osal_port.obj (.data:$O20$$)
                  200018dc    00000114     drivers_cc13x0.aem3 : PINCC26XX.oem3 (.data:$O1$$)
                  200019f0    00000114                         : PowerCC26XX.oem3 (.data:PowerCC26XX_module)
                  20001b04    00000104     ssf.obj (.data:$O18$$)
                  20001c08    000000d8     mac_settings.obj (.data:$O7$$)
                  20001ce0    000000cc     sensor.obj (.data:$O17$$)
                  20001dac    000000b0     mac_cfg.obj (.data:$O5$$)
                  20001e5c    000000ac     jdllc.obj (.data:$O12$$)
                  20001f08    00000064     mac_user_config.obj (.data:pOverrides_fsk_CC1350$22)
                  20001f6c    00000004     maclib_secure_cc13x0.a : lmac_global.obj (.data:$O24$$)
                  20001f70    00000060                            : mac.obj (.data:$O25$$)
                  20001fd0    00000058     drivers_cc13x0.aem3 : CryptoResourceCC26XX.oem3 (.data:$O1$$)
                  20002028    00000058                         : TRNGCC26XX.oem3 (.data:$O1$$)
                  20002080    0000004c     app_pem3.oem3 (.data:ti_sysbios_knl_Task_Object__table__V)
                  200020cc    00000048     board_key.obj (.data:$O2$$)
                  20002114    00000004     hal_appasrt.obj (.data)
                  20002118    00000048     app_pem3.oem3 (.data:ti_sysbios_family_arm_cc26xx_Timer_Object__table__V)
                  20002160    00000044     board_led.obj (.data:$O3$$)
                  200021a4    00000038     app_pem3.oem3 (.data:ti_sysbios_gates_GateMutex_Object__table__V)
                  200021dc    00000034     api_mac.obj (.data:$O11$$)
                  20002210    00000034     maclib_secure_cc13x0.a : mac_radio.obj (.data:$O26$$)
                  20002244    00000030                            : mac_radio_tx.obj (.data:$O27$$)
                  20002274    00000030     app_pem3.oem3 (.data:ti_sysbios_knl_Swi_Module_State_0_readyQ__A)
                  200022a4    00000030     app_pem3.oem3 (.data:ti_sysbios_knl_Swi_Object__table__V)
                  200022d4    00000030     app_pem3.oem3 (.data:ti_sysbios_knl_Task_Module_State_0_readyQ__A)
                  20002304    00000028     maclib_secure_cc13x0.a : mac_symbol_timer.obj (.data:$O30$$)
                  2000232c    00000024                            : mac_tx.obj (.data:$O31$$)
                  20002350    00000020     app_pem3.oem3 (.data:ti_sysbios_knl_Clock_Object__table__V)
                  20002370    00000020     app_pem3.oem3 (.data:xdc_runtime_Error_IgnoreBlock)
                  20002390    00000018     app_pem3.oem3 (.data:ti_sysbios_family_arm_m3_Hwi_Object__table__V)
                  200023a8    00000014     board_gpio.obj (.data:$O1$$)
                  200023bc    00000010     mac_user_config.obj (.data:rfPatchTable)
                  200023cc    0000000d     maclib_secure_cc13x0.a : mac.obj (.data)
                  200023d9    00000002                            : lmac_global.obj (.data)
                  200023db    00000001     drivers_cc13x0.aem3 : CryptoCC26XX.oem3 (.data)
                  200023dc    0000000c     osal_port_timers.obj (.data:$O21$$)
                  200023e8    0000000c     app_pem3.oem3 (.data:ti_sysbios_heaps_HeapCallback_Object__table__V)
                  200023f4    00000008     rtsv7M3_T_le_eabi.lib : _lock.c.obj (.data:$O33$$)
                  200023fc    00000008     nvocop.obj (.data:$O9$$)
                  20002404    00000008     mac_user_config.obj (.data:pOverridesTable)
                  2000240c    00000008     app_pem3.oem3 (.data:ti_sysbios_family_arm_m3_Hwi_Module__root__V)
                  20002414    00000008     app_pem3.oem3 (.data:ti_sysbios_gates_GateHwi_Module__root__V)
                  2000241c    00000008     app_pem3.oem3 (.data:ti_sysbios_gates_GateMutex_Module__root__V)
                  20002424    00000008     app_pem3.oem3 (.data:ti_sysbios_hal_Hwi_Module__root__V)
                  2000242c    00000008     app_pem3.oem3 (.data:ti_sysbios_heaps_HeapCallback_Module__root__V)
                  20002434    00000008     app_pem3.oem3 (.data:ti_sysbios_heaps_HeapMem_Module__root__V)
                  2000243c    00000008     app_pem3.oem3 (.data:ti_sysbios_knl_Clock_Module__root__V)
                  20002444    00000008     app_pem3.oem3 (.data:ti_sysbios_knl_Mailbox_Module__root__V)
                  2000244c    00000008     app_pem3.oem3 (.data:ti_sysbios_knl_Queue_Module__root__V)
                  20002454    00000008     app_pem3.oem3 (.data:ti_sysbios_knl_Semaphore_Module__root__V)
                  2000245c    00000008     app_pem3.oem3 (.data:ti_sysbios_knl_Swi_Module__root__V)
                  20002464    00000008     app_pem3.oem3 (.data:ti_sysbios_knl_Task_Module__root__V)
                  2000246c    00000008     app_pem3.oem3 (.data:xdc_runtime_Registry_Module__state__V)
                  20002474    00000004     rtsv7M3_T_le_eabi.lib : stkdepth_vars.c.obj (.data)
                  20002478    00000004     app_pem3.oem3 (.data:ti_sysbios_family_arm_m3_Hwi_Module_State_0_excContext__A)
                  2000247c    00000004     app_pem3.oem3 (.data:ti_sysbios_family_arm_m3_Hwi_Module_State_0_excStack__A)
                  20002480    00000004     app_pem3.oem3 (.data:ti_sysbios_knl_Task_Module_State_0_idleTask__A)
                  20002484    00000002     app_pem3.oem3 (.data:ti_sysbios_family_arm_m3_Hwi_Module_State_0_excActive__A)
                  20002486    00000001     drivers_cc13x0.aem3 : UART.oem3 (.data)

.bss       0    20002488    0000097a     UNINITIALIZED
                  20002488    000003d8     rf_multiMode_cc13x0.aem3 : RFCC26XX_multiMode.oem3 (.bss:$O1$$)
                  20002860    00000200     app_pem3.oem3 (.bss:taskStackSection)
                  20002a60    0000012c     (.common:uartCC26XXObjects)
                  20002b8c    000000c8     (.common:ti_sysbios_family_arm_m3_Hwi_dispatchTable)
                  20002c54    00000004     (.common:ClockP_tickPeriod)
                  20002c58    000000a8     maclib_secure_cc13x0.a : mac_radio.obj (.bss:RF_object$52)
                  20002d00    0000002c     (.common:cryptoCC26XXObjects)
                  20002d2c    00000028                            : mac_rx.obj (.bss:$O28$$)
                  20002d54    00000028     board_lcd.obj (.bss:lcdBuf$5)
                  20002d7c    00000020     (.common:uartCC26XXRingBuffer)
                  20002d9c    00000014     rf_multiMode_cc13x0.aem3 : RFCC26XX_multiMode.oem3 (.bss:RF_ratSyncCmd)
                  20002db0    00000014     driverlib.lib : osc.obj (.bss:oscHfGlobals$79)
                  20002dc4    00000014     drivers_cc13x0.aem3 : Random.oem3 (.bss:state)
                  20002dd8    00000010     maclib_secure_cc13x0.a : mac_radio.obj (.bss:rfPropTableLocal$52)
                  20002de8    00000008     dpl_cc13x0.aem3 : PowerCC26XX_tirtos.oem3 (.bss:$O1$$)
                  20002df0    00000008     driverlib.lib : sys_ctrl.obj (.bss:powerQualGlobals$83)
                  20002df8    00000001     drivers_cc13x0.aem3 : CryptoCC26XX.oem3 (.bss)
                  20002df9    00000001     maclib_secure_cc13x0.a : mac_tx.obj (.bss)
                  20002dfa    00000001     rf_multiMode_cc13x0.aem3 : RFCC26XX_multiMode.oem3 (.bss)
                  20002dfb    00000001     (.common:driverlib_release_0_55724)
                  20002dfc    00000001     (.common:macPwr)
                  20002dfd    00000001     (.common:macRxActive)
                  20002dfe    00000001     (.common:macRxEnableFlags)
                  20002dff    00000001     (.common:macRxOutgoingAckFlag)
                  20002e00    00000001     (.common:macSymbolTimerImpending)
                  20002e01    00000001     (.common:macTxActive)

.vtable    0    20002e02    00000000     UNINITIALIZED

.vtable_ram 
*          0    20002e02    00000000     UNINITIALIZED

vtable_ram 
*          0    20002e02    00000000     UNINITIALIZED

.sysmem    0    20002e02    00000000     UNINITIALIZED

.nonretenvar 
*          0    20002e02    00000000     UNINITIALIZED

.stack     0    20004b00    00000500     UNINITIALIZED
                  20004b00    00000500     --HOLE--

.bootVecs 
*          0    00000000    00000008     DSECT
                  00000000    00000008     boot.aem3 : boot.oem3 (.bootVecs)

.resetVecs 
*          0    00000000    0000003c     
                  00000000    0000003c     app_pem3.oem3 (.resetVecs)

.vecs      0    20000000    000000c8     NOLOAD SECTION
                  20000000    000000c8     app_pem3.oem3 (.vecs)

xdc.meta   0    00000000    000000ed     COPY SECTION
                  00000000    000000ed     app_pem3.oem3 (xdc.meta)

xdc.noload 
*          0    00000000    00000000     COPY SECTION

.TI.bound:NV_FLASH 
*          0    0001e000    00001000     
                  0001e000    00001000     nvocop.obj (.TI.bound:NV_FLASH)

.text.1    0    00000c38    000003c8     
                  00000c38    000003b8     maclib_secure_cc13x0.a : mac_hl_patch.obj (.text:macWrapperAddDevice)
                  00000ff0    00000010     dpl_cc13x0.aem3 : ClockP_tirtos.oem3 (.text:ClockP_isActive)

.text.2    0    00001380    00000004     
                  00001380    00000004     api_mac.obj (.text:ApiMac_mlmeGetReqArray)

.text.3    0    00001404    00000002     
                  00001404    00000002     maclib_secure_cc13x0.a : fh_data.obj (.text:FHDATA_startEDFETimer)

.text.4    0    000020ec    000157ac     
                  000020ec    00000634     macTask.obj (.text:macTaskFxn$21)
                  00002720    00000494     driverlib.lib : setup.obj (.text:TrimAfterColdResetWakeupFromShutDown$81)
                  00002bb4    0000048c     rf_multiMode_cc13x0.aem3 : RFCC26XX_multiMode.oem3 (.text:RF_fsmActiveState)
                  00003040    00000448     maclib_secure_cc13x0.a : fh_ie.obj (.text:FHIE_parsePie)
                  00003488    000003cc     api_mac.obj (.text:ApiMac_init)
                  00003854    000003ac     sensor.obj (.text:Sensor_sendMsg)
                  00003c00    0000038c     maclib_secure_cc13x0.a : mac_mgmt.obj (.text:macBuildHeader)
                  00003f8c    00000388                            : mac_radio.obj (.text:macRadioInitSubG)
                  00004314    0000036e     api_mac.obj (.text:processIncomingICallMsg$19)
                  00004682    00000002     maclib_secure_cc13x0.a : fh_util.obj (.text:FHUTIL_noAction)
                  00004684    0000032c     sensor.obj (.text:Sensor_process)
                  000049b0    00000324     main.obj (.text:appTaskFxn)
                  00004cd4    0000030c     drivers_cc13x0.aem3 : PowerCC26XX_calibrateRCOSC.oem3 (.text:PowerCC26XX_auxISR)
                  00004fe0    0000030c     rom_sysbios.aem3 : rom_sysbios.obj (.text:xdc_runtime_System_doPrint__I)
                  000052ec    000002f0     maclib_secure_cc13x0.a : mac_pwr.obj (.text:macPwrVote)
                  000055dc    000002dc                            : mac_radio_tx.obj (.text:macRadioTxGoSubG$53)
                  000058b8    000002c4                            : fh_api.obj (.text:FHAPI_getTxParams_old)
                  00005b7c    000002c0                            : fh_ie.obj (.text:FHIE_gen)
                  00005e3c    000002b8                            : fh_ie.obj (.text:FHIE_genPieContent)
                  000060f4    00000288     rf_multiMode_cc13x0.aem3 : RFCC26XX_multiMode.oem3 (.text:RF_scheduleCmd)
                  0000637c    00000270     maclib_secure_cc13x0.a : fh_api.obj (.text:FHAPI_start)
                  000065ec    00000264                            : mac_security_pib.obj (.text:MAC_MlmeSetSecurityReq)
                  00006850    00000264     sensor.obj (.text:processSensorMsgEvt$25)
                  00006ab4    0000024c     sensor.obj (.text:dataIndCB$25)
                  00006d00    0000023c     maclib_secure_cc13x0.a : fh_api.obj (.text:FHAPI_completeRxCb)
                  00006f3c    0000023c     driverlib.lib : sys_ctrl.obj (.text:NOROM_SysCtrlSetRechargeBeforePowerDown)
                  00007178    0000022c     drivers_cc13x0.aem3 : CryptoCC26XX.oem3 (.text:cryptoTransactionExecute)
                  000073a4    00000228     maclib_secure_cc13x0.a : mac_hl_patch.obj (.text:macIncomingFrameSecurityMaterialRetrieval)
                  000075cc    00000224     drivers_cc13x0.aem3 : PowerCC26XX.oem3 (.text:Power_sleep)
                  000077f0    00000214     maclib_secure_cc13x0.a : mac_mgmt.obj (.text:macBuildCommonReq)
                  00007a04    00000200                            : mac_device.obj (.text:macApiAssociateReq)
                  00007c04    000001dc                            : fh_api.obj (.text:FHAPI_sendData)
                  00007de0    000001d8     rf_multiMode_cc13x0.aem3 : RFCC26XX_multiMode.oem3 (.text:RF_open)
                  00007fb8    000001cc     maclib_secure_cc13x0.a : fh_ie.obj (.text:FHIE_extractPie)
                  00008184    000001c8                            : mac_scan.obj (.text:macApiScanReq)
                  0000834c    000001b8                            : mac_security_pib.obj (.text:MAC_MlmeGetSecurityReq)
                  00008504    000001b0     drivers_cc13x0.aem3 : PINCC26XX.oem3 (.text:PIN_init)
                  000086b4    000001ac     maclib_secure_cc13x0.a : fh_ie.obj (.text:FHIE_parseCommonInformation)
                  00008860    000001ac                            : mac_data.obj (.text:macApiDataReq)
                  00008a0c    000001ac                            : mac_hl_patch.obj (.text:macWrapperAddKeyInitFCtr)
                  00008bb8    00000198                            : fh_nt.obj (.text:FHNT_getEntry)
                  00008d50    00000194                            : mac_tx.obj (.text:macTxFrame)
                  00008ee4    00000190     drivers_cc13x0.aem3 : PowerCC26XX_calibrateRCOSC.oem3 (.text:PowerCC26XX_doCalibrate)
                  00009074    00000184     maclib_secure_cc13x0.a : mac_ie_build.obj (.text:macBuildPayloadIes)
                  000091f8    0000017c                            : mac_data.obj (.text:macTxCompleteCallback)
                  00009374    00000178     driverlib.lib : crypto.obj (.text:NOROM_CRYPTOCcmInvAuthDecrypt)
                  000094ec    00000178     rf_multiMode_cc13x0.aem3 : RFCC26XX_multiMode.oem3 (.text:RF_getInfo)
                  00009664    00000174     maclib_secure_cc13x0.a : fh_pib.obj (.text:FHPIB_set)
                  000097d8    00000174                            : mac_beacon_device.obj (.text:macRxBeaconCritical)
                  0000994c    00000170     driverlib.lib : crypto.obj (.text:NOROM_CRYPTOCcmAuthEncrypt)
                  00009abc    00000164     drivers_cc13x0.aem3 : UARTCC26XX.oem3 (.text:UARTCC26XX_open)
                  00009c20    00000160     maclib_secure_cc13x0.a : mac_pib.obj (.text:MAC_MlmeSetReq)
                  00009d80    0000015c                            : mac_mgmt.obj (.text:macTxCsmaDelay)
                  00009edc    00000158                            : mac_radio_tx.obj (.text:macRadioCsmaTxCbSubG$53)
                  0000a034    00000154     rf_multiMode_cc13x0.aem3 : RFCC26XX_multiMode.oem3 (.text:RF_fsmSetupState)
                  0000a188    00000154     maclib_secure_cc13x0.a : mac_hl_patch.obj (.text:macScanNextChan)
                  0000a2dc    00000150                            : fh_api.obj (.text:FHAPI_completeTxCb)
                  0000a42c    00000148     drivers_cc13x0.aem3 : UARTCC26XX.oem3 (.text:UARTCC26XX_hwiIntFxn)
                  0000a574    00000148     maclib_secure_cc13x0.a : mac_mgmt.obj (.text:macApiDisassociateReq)
                  0000a6bc    00000140     nvocop.obj (.text:compactPage$16)
                  0000a7fc    0000013c     rf_multiMode_cc13x0.aem3 : RFCC26XX_multiMode.oem3 (.text:RF_ratSetupChannel)
                  0000a938    00000136     drivers_cc13x0.aem3 : UARTCC26XX.oem3 (.text:UARTCC26XX_read)
                  0000aa6e    00000002     rf_multiMode_cc13x0.aem3 : RFCC26XX_multiMode.oem3 (.text:RF_defaultCallback)
                  0000aa70    00000134                              : RFCC26XX_multiMode.oem3 (.text:RF_abortCmd)
                  0000aba4    0000012c     maclib_secure_cc13x0.a : mac_beacon_device.obj (.text:macAutoPoll)
                  0000acd0    00000124     rf_multiMode_cc13x0.aem3 : RFCC26XX_multiMode.oem3 (.text:RF_dispatchNextCmd)
                  0000adf4    00000124     maclib_secure_cc13x0.a : mac_mgmt.obj (.text:macApiWSAsyncReq)
                  0000af18    00000120                            : mac.obj (.text:macSendReceiveCmdSubG)
                  0000b038    0000011c     jdllc.obj (.text:assocCnfCb$20)
                  0000b154    0000011c     sensor.obj (.text:dataCnfCB$25)
                  0000b270    00000118     rf_multiMode_cc13x0.aem3 : RFCC26XX_multiMode.oem3 (.text:RF_radioOpDoneCb)
                  0000b388    00000114     maclib_secure_cc13x0.a : fh_nt.obj (.text:FHNT_purgeTimerIsrCb)
                  0000b49c    00000114     drivers_cc13x0.aem3 : PowerCC26XX.oem3 (.text:Power_init)
                  0000b5b0    00000114     maclib_secure_cc13x0.a : mac_data.obj (.text:macAllocTxBuffer)
                  0000b6c4    00000110     rf_multiMode_cc13x0.aem3 : RFCC26XX_multiMode.oem3 (.text:RF_close)
                  0000b7d4    00000110     maclib_secure_cc13x0.a : mac_beacon_device.obj (.text:macApiSyncReq)
                  0000b8e4    00000108     ssf.obj (.text:Ssf_networkUpdate)
                  0000b9ec    00000104     maclib_secure_cc13x0.a : mac.obj (.text:macSetupRATChanCompare)
                  0000baf0    000000f8                            : fh_ie.obj (.text:FHIE_genCommonInformation)
                  0000bbe8    000000f8                            : fh_nt.obj (.text:FHNT_getRemoveEntryFromTemp)
                  0000bce0    000000f8                            : mac_radio_tx.obj (.text:macRadioTxPrepCsmaUnslottedSubG)
                  0000bdd8    000000f8                            : mac_mgmt.obj (.text:macSetDefaultsByPhyID)
                  0000bed0    000000f8     app_pem3.oem3 (.text:xdc_runtime_System_printfExtend__I)
                  0000bfc8    000000f0     maclib_secure_cc13x0.a : fh_mgr.obj (.text:FHMGR_bcTimerIsrCb)
                  0000c0b8    000000f0     macTask.obj (.text:MAC_CbackEvent)
                  0000c1a8    000000f0     driverlib.lib : rfc.obj (.text:NOROM_RFCOverrideUpdate)
                  0000c298    000000f0                   : setup.obj (.text:NOROM_SetupTrimDevice)
                  0000c388    000000f0     drivers_cc13x0.aem3 : PINCC26XX.oem3 (.text:PINCC26XX_setIoCfg)
                  0000c478    000000f0     maclib_secure_cc13x0.a : mac_radio_tx.obj (.text:macRadioTxPrepCsmaSlottedSubG)
                  0000c568    000000f0                            : mac.obj (.text:macRatCb_B)
                  0000c658    000000ec                            : fh_api.obj (.text:FHAPI_getTxParams)
                  0000c744    000000ec                            : mac_device.obj (.text:macDeviceReset)
                  0000c830    000000e8                            : fh_ie.obj (.text:FHIE_parseHie)
                  0000c918    000000e8     rf_multiMode_cc13x0.aem3 : RFCC26XX_multiMode.oem3 (.text:RF_fsmPowerUpState)
                  0000ca00    000000e4     dpl_cc13x0.aem3 : PowerCC26XX_tirtos.oem3 (.text:PowerCC26XX_standbyPolicy)
                  0000cae4    000000e2     drivers_cc13x0.aem3 : UARTCC26XX.oem3 (.text:UARTCC26XX_write)
                  0000cbc6    00000002     rtsv7M3_T_le_eabi.lib : _lock.c.obj (.text:_nop)
                  0000cbc8    000000e0     rf_multiMode_cc13x0.aem3 : RFCC26XX_multiMode.oem3 (.text:RF_requestAccess)
                  0000cca8    000000e0     drivers_cc13x0.aem3 : TRNGCC26XX.oem3 (.text:TRNG_generateEntropy)
                  0000cd88    000000e0     maclib_secure_cc13x0.a : mac_beacon.obj (.text:macBeaconSetSched)
                  0000ce68    000000d8                            : mac_mgmt.obj (.text:macCommStatusInd)
                  0000cf40    000000d8                            : mac_coord.obj (.text:macIndirectSend)
                  0000d018    000000d4                            : fh_nt.obj (.text:FHNT_addTempEUI)
                  0000d0ec    000000d4     driverlib.lib : rfc.obj (.text:NOROM_RFCRfTrimRead)
                  0000d1c0    000000d4     rf_multiMode_cc13x0.aem3 : RFCC26XX_multiMode.oem3 (.text:RF_pendCmd)
                  0000d294    000000d4     maclib_secure_cc13x0.a : mac_radio_tx.obj (.text:macRadioLbtTxCb)
                  0000d368    000000d4                            : mac_radio_tx.obj (.text:macRadioTxAck$53)
                  0000d43c    000000d0                            : mac_scan.obj (.text:macScanRxBeacon)
                  0000d50c    000000d0                            : mac_main.obj (.text:macSendDataMsg)
                  0000d5dc    000000cc     driverlib.lib : crypto.obj (.text:NOROM_CRYPTOAesCbc)
                  0000d6a8    000000cc     nvocop.obj (.text:NVOCOP_writeItem)
                  0000d774    000000cc     rf_multiMode_cc13x0.aem3 : RFCC26XX_multiMode.oem3 (.text:RF_swiHw)
                  0000d840    000000cc     maclib_secure_cc13x0.a : mac_hl_patch.obj (.text:macOutgoingFrameKeyDescRetrieval)
                  0000d90c    000000c8                            : mac_ie_build.obj (.text:macBuildHeaderIes)
                  0000d9d4    000000c8                            : mac_hl_patch.obj (.text:macCcmStarTransform)
                  0000da9c    000000c4                            : fh_data.obj (.text:FHDATA_procASYNCReq)
                  0000db60    000000c4     jdllc.obj (.text:Jdllc_init)
                  0000dc24    000000c4     rf_multiMode_cc13x0.aem3 : RFCC26XX_multiMode.oem3 (.text:RF_control)
                  0000dce8    000000c4     drivers_cc13x0.aem3 : TRNGCC26XX.oem3 (.text:TRNGCC26XX_basicHwiFxn)
                  0000ddac    000000c4     maclib_secure_cc13x0.a : mac_data.obj (.text:macDataTxSend)
                  0000de70    000000be                            : fh_ie.obj (.text:FHIE_getLen)
                  0000df2e    00000002     drivers_cc13x0.aem3 : PowerCC26XX.oem3 (.text:emptyClockFunc)
                  0000df30    000000bc                         : PowerCC26XX.oem3 (.text:Power_releaseDependency)
                  0000dfec    000000bc     maclib_secure_cc13x0.a : mac_mgmt.obj (.text:macBuildBeaconNotifyInd)
                  0000e0a8    000000bc                            : mac.obj (.text:macRatCb_A)
                  0000e164    000000bc     jdllc.obj (.text:pollCnfCb$20)
                  0000e220    000000ba     maclib_secure_cc13x0.a : mac_scan.obj (.text:MAC_MlmeScanReq)
                  0000e2da    000000b8                            : fh_ie.obj (.text:FHIE_getPieContentLen)
                  0000e392    00000002     drivers_cc13x0.aem3 : CryptoResourceCC26XX.oem3 (.text:errorSpin)
                  0000e394    000000b8     maclib_secure_cc13x0.a : fh_nt.obj (.text:FHNT_AddDeviceCB)
                  0000e44c    000000b8                            : mac.obj (.text:macSendFsCmd)
                  0000e504    000000b4     drivers_cc13x0.aem3 : PowerCC26XX.oem3 (.text:Power_setDependency)
                  0000e5b8    000000b4     maclib_secure_cc13x0.a : mac_hl_patch.obj (.text:macScanRxCoordRealign)
                  0000e66c    000000b4                            : mac_tx.obj (.text:macTxFrameIsr)
                  0000e720    000000b0     rf_multiMode_cc13x0.aem3 : RFCC26XX_multiMode.oem3 (.text:RF_hwiCpe0Active)
                  0000e7d0    000000b0     maclib_secure_cc13x0.a : mac_data.obj (.text:macDataTxEnqueue)
                  0000e880    000000b0                            : mac_tx.obj (.text:macTxChannelBusyCallback)
                  0000e930    000000b0     jdllc.obj (.text:processCoordRealign$20)
                  0000e9e0    000000b0     maclib_secure_cc13x0.a : mac_rx.obj (.text:rxPostRxUpdates$54)
                  0000ea90    000000ac     api_mac.obj (.text:processBeaconNotifyInd$19)
                  0000eb3c    000000aa     maclib_secure_cc13x0.a : fh_ie.obj (.text:FHIE_genExcludedChannelRanges)
                  0000ebe6    00000002     drivers_cc13x0.aem3 : TRNGCC26XX.oem3 (.text:errorSpin)
                  0000ebe8    000000a8     rf_multiMode_cc13x0.aem3 : RFCC26XX_multiMode.oem3 (.text:RF_ratRestartChannels)
                  0000ec90    000000a6     rom_sysbios.aem3 : rom_sysbios.obj (.text:xdc_runtime_Text_putSite__E)
                  0000ed36    00000002     maclib_secure_cc13x0.a : mac_pwr.obj (.text:macApiPwrOnReq)
                  0000ed38    000000a4     driverlib.lib : crypto.obj (.text:NOROM_CRYPTOAesEcb)
                  0000eddc    000000a4     drivers_cc13x0.aem3 : UARTCC26XX.oem3 (.text:UARTCC26XX_initHw)
                  0000ee80    000000a4     sensor.obj (.text:jdllcJoinedCb$25)
                  0000ef24    000000a4     drivers_cc13x0.aem3 : PowerCC26XX.oem3 (.text:switchXOSCHFclockFunc)
                  0000efc8    000000a0     maclib_secure_cc13x0.a : fh_ie.obj (.text:FHIE_getChannelPlan)
                  0000f068    000000a0     drivers_cc13x0.aem3 : PINCC26XX.oem3 (.text:PIN_open)
                  0000f108    000000a0     ssf.obj (.text:Ssf_findBlackListIndex)
                  0000f1a8    000000a0     auto_init.aem3 : auto_init.oem3 (.text)
                  0000f248    000000a0     jdllc.obj (.text:beaconNotifyIndCb$20)
                  0000f2e8    000000a0     nvocop.obj (.text:findItemOffset$16)
                  0000f388    000000a0     maclib_secure_cc13x0.a : mac_tx.obj (.text:txCsmaPrep$58)
                  0000f428    000000a0     nvocop.obj (.text:writeItem$16)
                  0000f4c8    0000009c     maclib_secure_cc13x0.a : fh_api.obj (.text:FHAPI_reset)
                  0000f564    0000009c     rf_multiMode_cc13x0.aem3 : RFCC26XX_multiMode.oem3 (.text:RF_calculateDispatchTime)
                  0000f600    0000009c     maclib_secure_cc13x0.a : mac_beacon_device.obj (.text:macBeaconSyncLoss)
                  0000f69c    0000009c                            : mac_radio_tx.obj (.text:macRadioTxPrepLbt)
                  0000f738    0000009c                            : mac_symbol_timer.obj (.text:macSymbolTimerInit)
                  0000f7d4    0000009c     rtsv7M3_T_le_eabi.lib : memcpy_t2.asm.obj (.text)
                  0000f870    00000098     nvocop.obj (.text:NVOCOP_deleteItem)
                  0000f908    00000098     drivers_cc13x0.aem3 : UARTCC26XX.oem3 (.text:UARTCC26XX_initIO)
                  0000f9a0    00000098     maclib_secure_cc13x0.a : mac_mgmt.obj (.text:macRxBeacon)
                  0000fa38    00000098     rom_sysbios.aem3 : rom_sysbios.obj (.text:ti_sysbios_knl_Clock_workFuncDynamic__E)
                  0000fad0    00000098                      : rom_sysbios.obj (.text:xdc_runtime_Text_putMod__E)
                  0000fb68    00000096     rtsv7M3_T_le_eabi.lib : ull_div_t2.asm.obj (.text)
                  0000fbfe    00000002     maclib_secure_cc13x0.a : mac.obj (.text:macClientSwitchCb)
                  0000fc00    00000094     drivers_cc13x0.aem3 : CryptoCC26XX.oem3 (.text:CryptoCC26XX_allocateKey)
                  0000fc94    00000094     maclib_secure_cc13x0.a : fh_nt.obj (.text:FHNT_getNTIndexFromTempIndex)
                  0000fd28    00000094     driverlib.lib : crypto.obj (.text:NOROM_CRYPTOAesLoadKey)
                  0000fdbc    00000094     board_led.obj (.text:board_led_blinkTimeoutCB$6)
                  0000fe50    00000094     maclib_secure_cc13x0.a : mac_main.obj (.text:macCbackForEvent)
                  0000fee4    00000094                            : mac_hl_patch.obj (.text:macCcmDecrypt)
                  0000ff78    00000094                            : mac_hl_patch.obj (.text:macCcmStarInverseTransform)
                  0001000c    00000090     drivers_cc13x0.aem3 : CryptoCC26XX.oem3 (.text:CryptoCC26XX_open)
                  0001009c    00000090     maclib_secure_cc13x0.a : fh_data.obj (.text:FHDATA_getPktFromQueue)
                  0001012c    00000090                            : fh_mgr.obj (.text:FHMGR_updateRadioBCChannel)
                  000101bc    00000090     rf_multiMode_cc13x0.aem3 : RFCC26XX_multiMode.oem3 (.text:RF_discardPendCmd)
                  0001024c    00000090     jdllc.obj (.text:scanCnfCb$20)
                  000102dc    00000090     rom_sysbios.aem3 : rom_sysbios.obj (.text:ti_sysbios_family_arm_cc26xx_Timer_start__E)
                  0001036c    0000008e     drivers_cc13x0.aem3 : UARTCC26XX.oem3 (.text:UARTCC26XX_writeCancel)
                  000103fa    00000002     maclib_secure_cc13x0.a : mac_mcu.obj (.text:macMcuInit)
                  000103fc    0000008c     osal_port.obj (.text:OsalPort_heapMalloc$29)
                  00010488    0000008c     api_mac.obj (.text:copyDataInd$19)
                  00010514    0000008c     maclib_secure_cc13x0.a : mac_hl_patch.obj (.text:macCcmEncrypt)
[...]
1001ca55  ti_sysbios_family_arm_m3_TaskSupport_glue                                 
1001ca65  ti_sysbios_family_arm_m3_TaskSupport_swap__E                              
1001ca65  ti_sysbios_knl_Task_SupportProxy_swap__E__mangled__                       
1001ca6d  ti_sysbios_knl_Task_swapReturn                                            
1001ca97  ti_sysbios_rom_cortexm_cc13xx_CC13xx_getRevision__E                       
20000000  ti_sysbios_family_arm_m3_Hwi_ramVectors                                   
20000100  ti_sysbios_knl_Task_Module__state__V                                      
20000144  ti_sysbios_family_arm_m3_Hwi_Module__state__V                             
20000178  ti_sysbios_knl_Clock_Module__state__V                                     
200001a4  ti_sysbios_BIOS_Module__state__V                                          
200001c8  ti_sysbios_knl_Swi_Module__state__V                                       
200001e4  ti_sysbios_family_arm_cc26xx_Timer_Module__state__V                       
200001ec  ti_sysbios_family_arm_cc26xx_TimestampProvider_Module__state__V           
200001f0  xdc_runtime_Startup_Module__state__V                                      
200001f8  xdc_runtime_System_Module__state__V                                       
20000200  xdc_runtime_Memory_Module__state__V                                       
20000208  macTaskId                                                                 
20000209  macMgmt                                                                   
2000020a  macPanCoordinator                                                         
2000020b  csmPhy                                                                    
2000020c  macCryptoDrvTblPtr                                                        
20000210  Crypto_handle                                                             
20000214  pMacDataTx                                                                
20000218  macDataTxIndirect                                                         
2000021c  macDataRequeueIndirect                                                    
20000220  macDataRxBeaconCritical                                                   
20000224  macDataTxBeaconComplete                                                   
20000228  macDataSetSched                                                           
2000022c  macDataCheckSched                                                         
20000230  macDataCheckTxTime                                                        
20000234  macDataBeaconRequeue                                                      
20000238  timerUnalignedQ                                                           
2000023c  timerAlignedQ                                                             
20000240  macTimerRollover                                                          
20000244  macTimerNewRollover                                                       
20000248  macTimerActive                                                            
2000024c  macBeaconCoordAction1                                                     
20000254  macCoordAction1                                                           
2000025c  macMain                                                                   
20000268  macData                                                                   
20000278  macBeaconDeviceAction                                                     
20000288  macCoordAction3                                                           
20000298  macDataTxDelay                                                            
200002a8  macDeviceAction2                                                          
200002bc  macStateTbl                                                               
200002d0  macMgmtAction2                                                            
200002e4  macScanAction                                                             
200002fc  macCoordAction2                                                           
20000318  macReset                                                                  
20000334  macBeaconMargin                                                           
20000354  macBeacon                                                                 
20000374  macActionSet                                                              
20000398  macMgmtAction1                                                            
200003c0  macCoord                                                                  
200003ec  macDevice                                                                 
20000418  macBeaconDevice                                                           
2000044c  macBeaconPayload                                                          
20000480  macDeviceAction1                                                          
200004b8  macBeaconCoord                                                            
200004f4  macSecurityPib                                                            
20000534  macScan                                                                   
20000588  fhObject                                                                  
200005f4  macPib                                                                    
2000067c  enhancedAckBuf                                                            
2000077b  AppTaskId                                                                 
2000078c  pMacCbackQueryRetransmit                                                  
20000790  pMacCbackCheckPending                                                     
20000794  macSem                                                                    
200007ec  macTask                                                                   
20000c40  uartParams                                                                
20000c64  macUser0Cfg                                                               
20000c94  appTask                                                                   
20000ce4  Main_user1Cfg                                                             
200010c8  hUart                                                                     
200014cc  macAddrSize                                                               
200014d0  FHNT_Dbg                                                                  
200014d8  FH_txTiming                                                               
200014e0  FHNT_tempTable                                                            
200014e8  FH_FSM                                                                    
200014f4  FHNT_hnd                                                                  
2000152c  FHFSM_Dbg                                                                 
20001570  FHIE_channelPlan                                                          
200015c4  FHNT_tableOpt                                                             
20001640  FH_hnd                                                                    
200016c8  FHPIB_db                                                                  
20001754  taskCnt                                                                   
20001764  heapmgrMemFreeTotal                                                       
20001770  HEAPMGR_SIZE                                                              
20001774  taskTbl                                                                   
200018dc  pinUpperBound                                                             
200018e0  pinLowerBound                                                             
20001974  pinHandleTable                                                            
200019f0  PowerCC26XX_module                                                        
20001b04  Ssf_resetReseason                                                         
20001b08  Ssf_resetCount                                                            
20001c08  RF_cmdNop                                                                 
20001c18  RF_cmdFs                                                                  
20001c30  RF_cmdPropCs                                                              
20001c4c  RF_cmdPropCsSlotted                                                       
20001c68  RF_cmdPropTxAdv                                                           
20001c88  RF_cmdPropRadioDivSetup                                                   
20001cb0  RF_cmdPropRxAdv                                                           
20001ce2  Sensor_events                                                             
20001d34  Sensor_msgStats                                                           
20001dac  macCfg                                                                    
20001dbc  macMRFSKGenPhyTable                                                       
20001e5c  initBroadcastMsg                                                          
20001e5e  parentFound                                                               
20001e66  Jdllc_events                                                              
20001e88  Jdllc_statistics                                                          
20001f6c  rxFhRsl                                                                   
20001f6d  macTxSlottedDelay                                                         
20001f6e  macUnitBackoffPeriod                                                      
20001f6f  macPhyChannel                                                             
20001f70  macReqAccessTimeCnt                                                       
20001f71  reqAccessAlloc                                                            
20001f74  rxCmdHandle                                                               
20001f76  fsCmdHandle                                                               
20001f7c  lastPostCmd                                                               
20001f80  macSfdDetectCback                                                         
20001f88  macTxTimestamp                                                            
20001f8c  pMacRadioConfig                                                           
20001f90  macRfDrvTblPtr                                                            
20001f94  pRfPropTable                                                              
20001f98  pRfPropTableOld                                                           
20001f9c  pMacRfAntSwitchSel                                                        
20001fa0  pMacRfAntPwrSel                                                           
20001fb0  macRxOutputSubG                                                           
20001fbc  macFrmFilter                                                              
20001fd4  CryptoResourceCC26XX_accessSemaphore                                      
20001ff0  CryptoResourceCC26XX_operationSemaphore                                   
2000200c  CryptoResourceCC26XX_hwi                                                  
20002080  ti_sysbios_knl_Task_Object__table__V                                      
20002118  ti_sysbios_family_arm_cc26xx_Timer_Object__table__V                       
200021a4  ti_sysbios_gates_GateMutex_Object__table__V                               
200021dd  appTaskId                                                                 
200021e4  appEvents                                                                 
200021ec  ApiMac_extAddr                                                            
200021f4  appSem                                                                    
20002218  RF_handle                                                                 
2000221c  macPhyTxPower                                                             
20002228  RF_params                                                                 
20002244  txCmdHandle                                                               
20002248  pMacEnhancedAck                                                           
2000224c  macRadioAckFrame                                                          
20002254  macAckTimer                                                               
20002274  ti_sysbios_knl_Swi_Module_State_0_readyQ__A                               
200022a4  ti_sysbios_knl_Swi_Object__table__V                                       
200022d4  ti_sysbios_knl_Task_Module_State_0_readyQ__A                              
20002304  macSpecUsecsPerSymbol                                                     
20002308  macPrevPeriodRatCount                                                     
2000230c  macSymbolTimerRollover                                                    
20002310  macSymbolTimerTrigger                                                     
2000232c  macTxSlottedDelayFactor                                                   
2000232d  macTxType                                                                 
2000232e  macTxBe                                                                   
2000232f  txAckReq                                                                  
20002332  txSeqn                                                                    
20002334  macTxCsmaBackoffDelay                                                     
20002338  macCsmaRtcTimerId                                                         
2000233c  macAckDbg                                                                 
20002350  ti_sysbios_knl_Clock_Object__table__V                                     
20002370  xdc_runtime_Error_IgnoreBlock                                             
20002390  ti_sysbios_family_arm_m3_Hwi_Object__table__V                             
200023bc  rfPatchTable                                                              
200023cc  lastRatChanA                                                              
200023cd  lastRatChanB                                                              
200023ce  macRxCmdActive                                                            
200023cf  macTxCmdActive                                                            
200023d0  macFsCmdActive                                                            
200023d2  macReqAccessCnt                                                           
200023d4  macReqAccErrCnt                                                           
200023d6  numRfCmd                                                                  
200023d7  numRxCmd                                                                  
200023d8  numRxPostCmd                                                              
200023d9  bInSwi                                                                    
200023da  macRadioYielded                                                           
200023e8  ti_sysbios_heaps_HeapCallback_Object__table__V                            
200023f4  _lock                                                                     
200023f8  _unlock                                                                   
20002400  sector_addr                                                               
20002404  pOverridesTable                                                           
2000240c  ti_sysbios_family_arm_m3_Hwi_Module__root__V                              
20002414  ti_sysbios_gates_GateHwi_Module__root__V                                  
2000241c  ti_sysbios_gates_GateMutex_Module__root__V                                
20002424  ti_sysbios_hal_Hwi_Module__root__V                                        
2000242c  ti_sysbios_heaps_HeapCallback_Module__root__V                             
20002434  ti_sysbios_heaps_HeapMem_Module__root__V                                  
2000243c  ti_sysbios_knl_Clock_Module__root__V                                      
20002444  ti_sysbios_knl_Mailbox_Module__root__V                                    
2000244c  ti_sysbios_knl_Queue_Module__root__V                                      
20002454  ti_sysbios_knl_Semaphore_Module__root__V                                  
2000245c  ti_sysbios_knl_Swi_Module__root__V                                        
20002464  ti_sysbios_knl_Task_Module__root__V                                       
2000246c  xdc_runtime_Registry_Module__state__V                                     
20002474  main_func_sp                                                              
20002478  ti_sysbios_family_arm_m3_Hwi_Module_State_0_excContext__A                 
2000247c  ti_sysbios_family_arm_m3_Hwi_Module_State_0_excStack__A                   
20002480  ti_sysbios_knl_Task_Module_State_0_idleTask__A                            
20002484  ti_sysbios_family_arm_m3_Hwi_Module_State_0_excActive__A                  
20002860  ti_sysbios_knl_Task_Instance_State_0_stack__A                             
20002a60  uartCC26XXObjects                                                         
20002b8c  ti_sysbios_family_arm_m3_Hwi_dispatchTable                                
20002c54  ClockP_tickPeriod                                                         
20002d00  cryptoCC26XXObjects                                                       
20002d2c  macRxFilter                                                               
20002d2d  rxPromiscuousMode                                                         
20002d30  rxSeqNum                                                                  
20002d38  macRxDataEntryOffset                                                      
20002d40  rxRadioBufferPtr                                                          
20002d4c  macRxDataEntryQueue                                                       
20002d7c  uartCC26XXRingBuffer                                                      
20002de8  PowerCC26XX_taskKey                                                       
20002dec  PowerCC26XX_swiKey                                                        
20002dfb  driverlib_release_0_55724                                                 
20002dfc  macPwr                                                                    
20002dfd  macRxActive                                                               
20002dfe  macRxEnableFlags                                                          
20002dff  macRxOutgoingAckFlag                                                      
20002e00  macSymbolTimerImpending                                                   
20002e01  macTxActive                                                               
20002e02  heapStart                                                                 
20004b00  __stack                                                                   
20004b00  heapEnd                                                                   
20005000  __STACK_END                                                               
20005000  __STACK_TOP                                                               
e000e000  ti_sysbios_family_arm_m3_Hwi_nvic                                         
ffffffff  __TI_pprof_out_hndl                                                       
ffffffff  __TI_prof_data_size                                                       
ffffffff  __TI_prof_data_start                                                      
ffffffff  __binit__                                                                 
ffffffff  __c_args__                                                                
ffffffff  binit                                                                     
UNDEFED   SHT$$INIT_ARRAY$$Base                                                     
UNDEFED   SHT$$INIT_ARRAY$$Limit                                                    

[1486 symbols]
